[0.008s][info][gc,init] Initializing The Z Garbage Collector
[0.008s][info][gc,init] Version: 16.0.2+7-67 (release)
[0.008s][info][gc,init] NUMA Support: Disabled
[0.008s][info][gc,init] CPUs: 4 total, 4 available
[0.008s][info][gc,init] Memory: 16321M
[0.008s][info][gc,init] Large Page Support: Disabled
[0.008s][info][gc,init] Workers: 3 parallel, 1 concurrent
[0.009s][info][gc,init] Address Space Type: Contiguous/Unrestricted/Complete
[0.009s][info][gc,init] Address Space Size: 65312M x 3 = 195936M
[0.009s][info][gc,init] Min Capacity: 8M
[0.009s][info][gc,init] Initial Capacity: 256M
[0.009s][info][gc,init] Max Capacity: 4082M
[0.009s][info][gc,init] Medium Page Size: 32M
[0.009s][info][gc,init] Pre-touch: Disabled
[0.009s][info][gc,init] Uncommit: Enabled
[0.009s][info][gc,init] Uncommit Delay: 300s
[0.032s][info][gc,init] Runtime Workers: 3 parallel
[0.032s][info][gc     ] Using The Z Garbage Collector
[0.033s][info][gc,metaspace] CDS archive(s) mapped at: [0x0000000800000000-0x0000000800bb0000-0x0000000800bb0000), size 12255232, SharedBaseAddress: 0x0000000800000000, ArchiveRelocationMode: 0.
[0.033s][info][gc,metaspace] Compressed class space mapped at: 0x0000000800c00000-0x0000000840c00000, reserved size: 1073741824
[0.033s][info][gc,metaspace] Narrow klass base: 0x0000000800000000, Narrow klass shift: 3, Narrow klass range: 0x100000000
[10.063s][info][gc,stats    ] === Garbage Collection Statistics =======================================================================================================================
[10.063s][info][gc,stats    ]                                                              Last 10s              Last 10m              Last 10h                Total
[10.063s][info][gc,stats    ]                                                              Avg / Max             Avg / Max             Avg / Max             Avg / Max
[10.063s][info][gc,stats    ]   Collector: Garbage Collection Cycle                      0.000 / 0.000         0.000 / 0.000         0.000 / 0.000         0.000 / 0.000       ms
[10.063s][info][gc,stats    ]  Contention: Mark Segment Reset Contention                     0 / 0                 0 / 0                 0 / 0                 0 / 0           ops/s
[10.063s][info][gc,stats    ]  Contention: Mark SeqNum Reset Contention                      0 / 0                 0 / 0                 0 / 0                 0 / 0           ops/s
[10.063s][info][gc,stats    ]    Critical: Allocation Stall                                  0 / 0                 0 / 0                 0 / 0                 0 / 0           ops/s
[10.063s][info][gc,stats    ]    Critical: Allocation Stall                              0.000 / 0.000         0.000 / 0.000         0.000 / 0.000         0.000 / 0.000       ms
[10.063s][info][gc,stats    ]    Critical: GC Locker Stall                                   0 / 0                 0 / 0                 0 / 0                 0 / 0           ops/s
[10.063s][info][gc,stats    ]    Critical: GC Locker Stall                               0.000 / 0.000         0.000 / 0.000         0.000 / 0.000         0.000 / 0.000       ms
[10.063s][info][gc,stats    ]    Critical: Relocation Stall                                  0 / 0                 0 / 0                 0 / 0                 0 / 0           ops/s
[10.063s][info][gc,stats    ]    Critical: Relocation Stall                              0.000 / 0.000         0.000 / 0.000         0.000 / 0.000         0.000 / 0.000       ms
[10.063s][info][gc,stats    ]      Memory: Allocation Rate                                  27 / 264              27 / 264              27 / 264              27 / 264         MB/s
[10.063s][info][gc,stats    ]      Memory: Out Of Memory                                     0 / 0                 0 / 0                 0 / 0                 0 / 0           ops/s
[10.063s][info][gc,stats    ]      Memory: Page Cache Flush                                  0 / 0                 0 / 0                 0 / 0                 0 / 0           MB/s
[10.063s][info][gc,stats    ]      Memory: Page Cache Hit L1                                 0 / 0                 0 / 0                 0 / 0                 0 / 0           ops/s
[10.063s][info][gc,stats    ]      Memory: Page Cache Hit L2                                 0 / 0                 0 / 0                 0 / 0                 0 / 0           ops/s
[10.063s][info][gc,stats    ]      Memory: Page Cache Hit L3                                 0 / 4                 0 / 4                 0 / 4                 0 / 4           ops/s
[10.063s][info][gc,stats    ]      Memory: Page Cache Miss                                   0 / 1                 0 / 1                 0 / 1                 0 / 1           ops/s
[10.064s][info][gc,stats    ]      Memory: Uncommit                                          0 / 0                 0 / 0                 0 / 0                 0 / 0           MB/s
[10.064s][info][gc,stats    ]      Memory: Undo Object Allocation Failed                     0 / 0                 0 / 0                 0 / 0                 0 / 0           ops/s
[10.064s][info][gc,stats    ]      Memory: Undo Object Allocation Succeeded                  0 / 0                 0 / 0                 0 / 0                 0 / 0           ops/s
[10.064s][info][gc,stats    ]      Memory: Undo Page Allocation                              0 / 0                 0 / 0                 0 / 0                 0 / 0           ops/s
[10.064s][info][gc,stats    ]       Phase: Concurrent Mark                               0.000 / 0.000         0.000 / 0.000         0.000 / 0.000         0.000 / 0.000       ms
[10.064s][info][gc,stats    ]       Phase: Concurrent Mark Continue                      0.000 / 0.000         0.000 / 0.000         0.000 / 0.000         0.000 / 0.000       ms
[10.064s][info][gc,stats    ]       Phase: Concurrent Process Non-Strong References      0.000 / 0.000         0.000 / 0.000         0.000 / 0.000         0.000 / 0.000       ms
[10.064s][info][gc,stats    ]       Phase: Concurrent Relocate                           0.000 / 0.000         0.000 / 0.000         0.000 / 0.000         0.000 / 0.000       ms
[10.064s][info][gc,stats    ]       Phase: Concurrent Reset Relocation Set               0.000 / 0.000         0.000 / 0.000         0.000 / 0.000         0.000 / 0.000       ms
[10.064s][info][gc,stats    ]       Phase: Concurrent Select Relocation Set              0.000 / 0.000         0.000 / 0.000         0.000 / 0.000         0.000 / 0.000       ms
[10.064s][info][gc,stats    ]       Phase: Pause Mark End                                0.000 / 0.000         0.000 / 0.000         0.000 / 0.000         0.000 / 0.000       ms
[10.064s][info][gc,stats    ]       Phase: Pause Mark Start                              0.000 / 0.000         0.000 / 0.000         0.000 / 0.000         0.000 / 0.000       ms
[10.064s][info][gc,stats    ]       Phase: Pause Relocate Start                          0.000 / 0.000         0.000 / 0.000         0.000 / 0.000         0.000 / 0.000       ms
[10.064s][info][gc,stats    ]    Subphase: Concurrent Classes Purge                      0.000 / 0.000         0.000 / 0.000         0.000 / 0.000         0.000 / 0.000       ms
[10.064s][info][gc,stats    ]    Subphase: Concurrent Classes Unlink                     0.000 / 0.000         0.000 / 0.000         0.000 / 0.000         0.000 / 0.000       ms
[10.064s][info][gc,stats    ]    Subphase: Concurrent Mark                               0.000 / 0.000         0.000 / 0.000         0.000 / 0.000         0.000 / 0.000       ms
[10.064s][info][gc,stats    ]    Subphase: Concurrent Mark Idle                          0.000 / 0.000         0.000 / 0.000         0.000 / 0.000         0.000 / 0.000       ms
[10.064s][info][gc,stats    ]    Subphase: Concurrent Mark Try Flush                     0.000 / 0.000         0.000 / 0.000         0.000 / 0.000         0.000 / 0.000       ms
[10.064s][info][gc,stats    ]    Subphase: Concurrent Mark Try Terminate                 0.000 / 0.000         0.000 / 0.000         0.000 / 0.000         0.000 / 0.000       ms
[10.064s][info][gc,stats    ]    Subphase: Concurrent References Enqueue                 0.000 / 0.000         0.000 / 0.000         0.000 / 0.000         0.000 / 0.000       ms
[10.064s][info][gc,stats    ]    Subphase: Concurrent References Process                 0.000 / 0.000         0.000 / 0.000         0.000 / 0.000         0.000 / 0.000       ms
[10.064s][info][gc,stats    ]    Subphase: Concurrent Roots ClassLoaderDataGraph         0.000 / 0.000         0.000 / 0.000         0.000 / 0.000         0.000 / 0.000       ms
[10.064s][info][gc,stats    ]    Subphase: Concurrent Roots CodeCache                    0.000 / 0.000         0.000 / 0.000         0.000 / 0.000         0.000 / 0.000       ms
[10.064s][info][gc,stats    ]    Subphase: Concurrent Roots JavaThreads                  0.000 / 0.000         0.000 / 0.000         0.000 / 0.000         0.000 / 0.000       ms
[10.064s][info][gc,stats    ]    Subphase: Concurrent Roots OopStorageSet                0.000 / 0.000         0.000 / 0.000         0.000 / 0.000         0.000 / 0.000       ms
[10.064s][info][gc,stats    ]    Subphase: Concurrent Weak Roots OopStorageSet           0.000 / 0.000         0.000 / 0.000         0.000 / 0.000         0.000 / 0.000       ms
[10.064s][info][gc,stats    ]    Subphase: Pause Mark Try Complete                       0.000 / 0.000         0.000 / 0.000         0.000 / 0.000         0.000 / 0.000       ms
[10.064s][info][gc,stats    ]      System: Java Threads                                      0 / 0                 0 / 0                 0 / 0                 0 / 0           threads
[10.064s][info][gc,stats    ] =========================================================================================================================================================
[20.076s][info][gc,stats    ] === Garbage Collection Statistics =======================================================================================================================
[20.076s][info][gc,stats    ]                                                              Last 10s              Last 10m              Last 10h                Total
[20.076s][info][gc,stats    ]                                                              Avg / Max             Avg / Max             Avg / Max             Avg / Max
[20.076s][info][gc,stats    ]   Collector: Garbage Collection Cycle                      0.000 / 0.000         0.000 / 0.000         0.000 / 0.000         0.000 / 0.000       ms
[20.076s][info][gc,stats    ]  Contention: Mark Segment Reset Contention                     0 / 0                 0 / 0                 0 / 0                 0 / 0           ops/s
[20.076s][info][gc,stats    ]  Contention: Mark SeqNum Reset Contention                      0 / 0                 0 / 0                 0 / 0                 0 / 0           ops/s
[20.076s][info][gc,stats    ]    Critical: Allocation Stall                                  0 / 0                 0 / 0                 0 / 0                 0 / 0           ops/s
[20.076s][info][gc,stats    ]    Critical: Allocation Stall                              0.000 / 0.000         0.000 / 0.000         0.000 / 0.000         0.000 / 0.000       ms
[20.076s][info][gc,stats    ]    Critical: GC Locker Stall                                   0 / 0                 0 / 0                 0 / 0                 0 / 0           ops/s
[20.076s][info][gc,stats    ]    Critical: GC Locker Stall                               0.000 / 0.000         0.000 / 0.000         0.000 / 0.000         0.000 / 0.000       ms
[20.076s][info][gc,stats    ]    Critical: Relocation Stall                                  0 / 0                 0 / 0                 0 / 0                 0 / 0           ops/s
[20.076s][info][gc,stats    ]    Critical: Relocation Stall                              0.000 / 0.000         0.000 / 0.000         0.000 / 0.000         0.000 / 0.000       ms
[20.076s][info][gc,stats    ]      Memory: Allocation Rate                                   0 / 0                13 / 264              13 / 264              13 / 264         MB/s
[20.076s][info][gc,stats    ]      Memory: Out Of Memory                                     0 / 0                 0 / 0                 0 / 0                 0 / 0           ops/s
[20.076s][info][gc,stats    ]      Memory: Page Cache Flush                                  0 / 0                 0 / 0                 0 / 0                 0 / 0           MB/s
[20.076s][info][gc,stats    ]      Memory: Page Cache Hit L1                                 0 / 0                 0 / 0                 0 / 0                 0 / 0           ops/s
[20.076s][info][gc,stats    ]      Memory: Page Cache Hit L2                                 0 / 0                 0 / 0                 0 / 0                 0 / 0           ops/s
[20.076s][info][gc,stats    ]      Memory: Page Cache Hit L3                                 0 / 0                 0 / 4                 0 / 4                 0 / 4           ops/s
[20.076s][info][gc,stats    ]      Memory: Page Cache Miss                                   0 / 0                 0 / 1                 0 / 1                 0 / 1           ops/s
[20.076s][info][gc,stats    ]      Memory: Uncommit                                          0 / 0                 0 / 0                 0 / 0                 0 / 0           MB/s
[20.076s][info][gc,stats    ]      Memory: Undo Object Allocation Failed                     0 / 0                 0 / 0                 0 / 0                 0 / 0           ops/s
[20.076s][info][gc,stats    ]      Memory: Undo Object Allocation Succeeded                  0 / 0                 0 / 0                 0 / 0                 0 / 0           ops/s
[20.076s][info][gc,stats    ]      Memory: Undo Page Allocation                              0 / 0                 0 / 0                 0 / 0                 0 / 0           ops/s
[20.076s][info][gc,stats    ]       Phase: Concurrent Mark                               0.000 / 0.000         0.000 / 0.000         0.000 / 0.000         0.000 / 0.000       ms
[20.076s][info][gc,stats    ]       Phase: Concurrent Mark Continue                      0.000 / 0.000         0.000 / 0.000         0.000 / 0.000         0.000 / 0.000       ms
[20.076s][info][gc,stats    ]       Phase: Concurrent Process Non-Strong References      0.000 / 0.000         0.000 / 0.000         0.000 / 0.000         0.000 / 0.000       ms
[20.076s][info][gc,stats    ]       Phase: Concurrent Relocate                           0.000 / 0.000         0.000 / 0.000         0.000 / 0.000         0.000 / 0.000       ms
[20.076s][info][gc,stats    ]       Phase: Concurrent Reset Relocation Set               0.000 / 0.000         0.000 / 0.000         0.000 / 0.000         0.000 / 0.000       ms
[20.076s][info][gc,stats    ]       Phase: Concurrent Select Relocation Set              0.000 / 0.000         0.000 / 0.000         0.000 / 0.000         0.000 / 0.000       ms
[20.076s][info][gc,stats    ]       Phase: Pause Mark End                                0.000 / 0.000         0.000 / 0.000         0.000 / 0.000         0.000 / 0.000       ms
[20.076s][info][gc,stats    ]       Phase: Pause Mark Start                              0.000 / 0.000         0.000 / 0.000         0.000 / 0.000         0.000 / 0.000       ms
[20.076s][info][gc,stats    ]       Phase: Pause Relocate Start                          0.000 / 0.000         0.000 / 0.000         0.000 / 0.000         0.000 / 0.000       ms
[20.076s][info][gc,stats    ]    Subphase: Concurrent Classes Purge                      0.000 / 0.000         0.000 / 0.000         0.000 / 0.000         0.000 / 0.000       ms
[20.076s][info][gc,stats    ]    Subphase: Concurrent Classes Unlink                     0.000 / 0.000         0.000 / 0.000         0.000 / 0.000         0.000 / 0.000       ms
[20.076s][info][gc,stats    ]    Subphase: Concurrent Mark                               0.000 / 0.000         0.000 / 0.000         0.000 / 0.000         0.000 / 0.000       ms
[20.076s][info][gc,stats    ]    Subphase: Concurrent Mark Idle                          0.000 / 0.000         0.000 / 0.000         0.000 / 0.000         0.000 / 0.000       ms
[20.076s][info][gc,stats    ]    Subphase: Concurrent Mark Try Flush                     0.000 / 0.000         0.000 / 0.000         0.000 / 0.000         0.000 / 0.000       ms
[20.076s][info][gc,stats    ]    Subphase: Concurrent Mark Try Terminate                 0.000 / 0.000         0.000 / 0.000         0.000 / 0.000         0.000 / 0.000       ms
[20.076s][info][gc,stats    ]    Subphase: Concurrent References Enqueue                 0.000 / 0.000         0.000 / 0.000         0.000 / 0.000         0.000 / 0.000       ms
[20.076s][info][gc,stats    ]    Subphase: Concurrent References Process                 0.000 / 0.000         0.000 / 0.000         0.000 / 0.000         0.000 / 0.000       ms
[20.076s][info][gc,stats    ]    Subphase: Concurrent Roots ClassLoaderDataGraph         0.000 / 0.000         0.000 / 0.000         0.000 / 0.000         0.000 / 0.000       ms
[20.076s][info][gc,stats    ]    Subphase: Concurrent Roots CodeCache                    0.000 / 0.000         0.000 / 0.000         0.000 / 0.000         0.000 / 0.000       ms
[20.076s][info][gc,stats    ]    Subphase: Concurrent Roots JavaThreads                  0.000 / 0.000         0.000 / 0.000         0.000 / 0.000         0.000 / 0.000       ms
[20.076s][info][gc,stats    ]    Subphase: Concurrent Roots OopStorageSet                0.000 / 0.000         0.000 / 0.000         0.000 / 0.000         0.000 / 0.000       ms
[20.076s][info][gc,stats    ]    Subphase: Concurrent Weak Roots OopStorageSet           0.000 / 0.000         0.000 / 0.000         0.000 / 0.000         0.000 / 0.000       ms
[20.077s][info][gc,stats    ]    Subphase: Pause Mark Try Complete                       0.000 / 0.000         0.000 / 0.000         0.000 / 0.000         0.000 / 0.000       ms
[20.077s][info][gc,stats    ]      System: Java Threads                                      0 / 0                 0 / 0                 0 / 0                 0 / 0           threads
[20.077s][info][gc,stats    ] =========================================================================================================================================================
[30.063s][info][gc,stats    ] === Garbage Collection Statistics =======================================================================================================================
[30.064s][info][gc,stats    ]                                                              Last 10s              Last 10m              Last 10h                Total
[30.064s][info][gc,stats    ]                                                              Avg / Max             Avg / Max             Avg / Max             Avg / Max
[30.064s][info][gc,stats    ]   Collector: Garbage Collection Cycle                      0.000 / 0.000         0.000 / 0.000         0.000 / 0.000         0.000 / 0.000       ms
[30.064s][info][gc,stats    ]  Contention: Mark Segment Reset Contention                     0 / 0                 0 / 0                 0 / 0                 0 / 0           ops/s
[30.064s][info][gc,stats    ]  Contention: Mark SeqNum Reset Contention                      0 / 0                 0 / 0                 0 / 0                 0 / 0           ops/s
[30.064s][info][gc,stats    ]    Critical: Allocation Stall                                  0 / 0                 0 / 0                 0 / 0                 0 / 0           ops/s
[30.064s][info][gc,stats    ]    Critical: Allocation Stall                              0.000 / 0.000         0.000 / 0.000         0.000 / 0.000         0.000 / 0.000       ms
[30.064s][info][gc,stats    ]    Critical: GC Locker Stall                                   0 / 0                 0 / 0                 0 / 0                 0 / 0           ops/s
[30.064s][info][gc,stats    ]    Critical: GC Locker Stall                               0.000 / 0.000         0.000 / 0.000         0.000 / 0.000         0.000 / 0.000       ms
[30.064s][info][gc,stats    ]    Critical: Relocation Stall                                  0 / 0                 0 / 0                 0 / 0                 0 / 0           ops/s
[30.064s][info][gc,stats    ]    Critical: Relocation Stall                              0.000 / 0.000         0.000 / 0.000         0.000 / 0.000         0.000 / 0.000       ms
[30.064s][info][gc,stats    ]      Memory: Allocation Rate                                   0 / 2                 9 / 264               9 / 264               9 / 264         MB/s
[30.064s][info][gc,stats    ]      Memory: Out Of Memory                                     0 / 0                 0 / 0                 0 / 0                 0 / 0           ops/s
[30.064s][info][gc,stats    ]      Memory: Page Cache Flush                                  0 / 0                 0 / 0                 0 / 0                 0 / 0           MB/s
[30.064s][info][gc,stats    ]      Memory: Page Cache Hit L1                                 0 / 0                 0 / 0                 0 / 0                 0 / 0           ops/s
[30.064s][info][gc,stats    ]      Memory: Page Cache Hit L2                                 0 / 0                 0 / 0                 0 / 0                 0 / 0           ops/s
[30.064s][info][gc,stats    ]      Memory: Page Cache Hit L3                                 0 / 1                 0 / 4                 0 / 4                 0 / 4           ops/s
[30.064s][info][gc,stats    ]      Memory: Page Cache Miss                                   0 / 0                 0 / 1                 0 / 1                 0 / 1           ops/s
[30.064s][info][gc,stats    ]      Memory: Uncommit                                          0 / 0                 0 / 0                 0 / 0                 0 / 0           MB/s
[30.064s][info][gc,stats    ]      Memory: Undo Object Allocation Failed                     0 / 0                 0 / 0                 0 / 0                 0 / 0           ops/s
[30.064s][info][gc,stats    ]      Memory: Undo Object Allocation Succeeded                  0 / 0                 0 / 0                 0 / 0                 0 / 0           ops/s
[30.064s][info][gc,stats    ]      Memory: Undo Page Allocation                              0 / 0                 0 / 0                 0 / 0                 0 / 0           ops/s
[30.064s][info][gc,stats    ]       Phase: Concurrent Mark                               0.000 / 0.000         0.000 / 0.000         0.000 / 0.000         0.000 / 0.000       ms
[30.064s][info][gc,stats    ]       Phase: Concurrent Mark Continue                      0.000 / 0.000         0.000 / 0.000         0.000 / 0.000         0.000 / 0.000       ms
[30.064s][info][gc,stats    ]       Phase: Concurrent Process Non-Strong References      0.000 / 0.000         0.000 / 0.000         0.000 / 0.000         0.000 / 0.000       ms
[30.064s][info][gc,stats    ]       Phase: Concurrent Relocate                           0.000 / 0.000         0.000 / 0.000         0.000 / 0.000         0.000 / 0.000       ms
[30.064s][info][gc,stats    ]       Phase: Concurrent Reset Relocation Set               0.000 / 0.000         0.000 / 0.000         0.000 / 0.000         0.000 / 0.000       ms
[30.064s][info][gc,stats    ]       Phase: Concurrent Select Relocation Set              0.000 / 0.000         0.000 / 0.000         0.000 / 0.000         0.000 / 0.000       ms
[30.064s][info][gc,stats    ]       Phase: Pause Mark End                                0.000 / 0.000         0.000 / 0.000         0.000 / 0.000         0.000 / 0.000       ms
[30.064s][info][gc,stats    ]       Phase: Pause Mark Start                              0.000 / 0.000         0.000 / 0.000         0.000 / 0.000         0.000 / 0.000       ms
[30.064s][info][gc,stats    ]       Phase: Pause Relocate Start                          0.000 / 0.000         0.000 / 0.000         0.000 / 0.000         0.000 / 0.000       ms
[30.064s][info][gc,stats    ]    Subphase: Concurrent Classes Purge                      0.000 / 0.000         0.000 / 0.000         0.000 / 0.000         0.000 / 0.000       ms
[30.064s][info][gc,stats    ]    Subphase: Concurrent Classes Unlink                     0.000 / 0.000         0.000 / 0.000         0.000 / 0.000         0.000 / 0.000       ms
[30.064s][info][gc,stats    ]    Subphase: Concurrent Mark                               0.000 / 0.000         0.000 / 0.000         0.000 / 0.000         0.000 / 0.000       ms
[30.064s][info][gc,stats    ]    Subphase: Concurrent Mark Idle                          0.000 / 0.000         0.000 / 0.000         0.000 / 0.000         0.000 / 0.000       ms
[30.064s][info][gc,stats    ]    Subphase: Concurrent Mark Try Flush                     0.000 / 0.000         0.000 / 0.000         0.000 / 0.000         0.000 / 0.000       ms
[30.064s][info][gc,stats    ]    Subphase: Concurrent Mark Try Terminate                 0.000 / 0.000         0.000 / 0.000         0.000 / 0.000         0.000 / 0.000       ms
[30.064s][info][gc,stats    ]    Subphase: Concurrent References Enqueue                 0.000 / 0.000         0.000 / 0.000         0.000 / 0.000         0.000 / 0.000       ms
[30.064s][info][gc,stats    ]    Subphase: Concurrent References Process                 0.000 / 0.000         0.000 / 0.000         0.000 / 0.000         0.000 / 0.000       ms
[30.064s][info][gc,stats    ]    Subphase: Concurrent Roots ClassLoaderDataGraph         0.000 / 0.000         0.000 / 0.000         0.000 / 0.000         0.000 / 0.000       ms
[30.064s][info][gc,stats    ]    Subphase: Concurrent Roots CodeCache                    0.000 / 0.000         0.000 / 0.000         0.000 / 0.000         0.000 / 0.000       ms
[30.064s][info][gc,stats    ]    Subphase: Concurrent Roots JavaThreads                  0.000 / 0.000         0.000 / 0.000         0.000 / 0.000         0.000 / 0.000       ms
[30.064s][info][gc,stats    ]    Subphase: Concurrent Roots OopStorageSet                0.000 / 0.000         0.000 / 0.000         0.000 / 0.000         0.000 / 0.000       ms
[30.064s][info][gc,stats    ]    Subphase: Concurrent Weak Roots OopStorageSet           0.000 / 0.000         0.000 / 0.000         0.000 / 0.000         0.000 / 0.000       ms
[30.064s][info][gc,stats    ]    Subphase: Pause Mark Try Complete                       0.000 / 0.000         0.000 / 0.000         0.000 / 0.000         0.000 / 0.000       ms
[30.064s][info][gc,stats    ]      System: Java Threads                                      0 / 0                 0 / 0                 0 / 0                 0 / 0           threads
[30.064s][info][gc,stats    ] =========================================================================================================================================================
[40.063s][info][gc,stats    ] === Garbage Collection Statistics =======================================================================================================================
[40.063s][info][gc,stats    ]                                                              Last 10s              Last 10m              Last 10h                Total
[40.063s][info][gc,stats    ]                                                              Avg / Max             Avg / Max             Avg / Max             Avg / Max
[40.063s][info][gc,stats    ]   Collector: Garbage Collection Cycle                      0.000 / 0.000         0.000 / 0.000         0.000 / 0.000         0.000 / 0.000       ms
[40.063s][info][gc,stats    ]  Contention: Mark Segment Reset Contention                     0 / 0                 0 / 0                 0 / 0                 0 / 0           ops/s
[40.063s][info][gc,stats    ]  Contention: Mark SeqNum Reset Contention                      0 / 0                 0 / 0                 0 / 0                 0 / 0           ops/s
[40.063s][info][gc,stats    ]    Critical: Allocation Stall                                  0 / 0                 0 / 0                 0 / 0                 0 / 0           ops/s
[40.063s][info][gc,stats    ]    Critical: Allocation Stall                              0.000 / 0.000         0.000 / 0.000         0.000 / 0.000         0.000 / 0.000       ms
[40.063s][info][gc,stats    ]    Critical: GC Locker Stall                                   0 / 0                 0 / 0                 0 / 0                 0 / 0           ops/s
[40.063s][info][gc,stats    ]    Critical: GC Locker Stall                               0.000 / 0.000         0.000 / 0.000         0.000 / 0.000         0.000 / 0.000       ms
[40.063s][info][gc,stats    ]    Critical: Relocation Stall                                  0 / 0                 0 / 0                 0 / 0                 0 / 0           ops/s
[40.063s][info][gc,stats    ]    Critical: Relocation Stall                              0.000 / 0.000         0.000 / 0.000         0.000 / 0.000         0.000 / 0.000       ms
[40.063s][info][gc,stats    ]      Memory: Allocation Rate                                  30 / 198              14 / 264              14 / 264              14 / 264         MB/s
[40.063s][info][gc,stats    ]      Memory: Out Of Memory                                     0 / 0                 0 / 0                 0 / 0                 0 / 0           ops/s
[40.063s][info][gc,stats    ]      Memory: Page Cache Flush                                  0 / 0                 0 / 0                 0 / 0                 0 / 0           MB/s
[40.063s][info][gc,stats    ]      Memory: Page Cache Hit L1                                 0 / 1                 0 / 1                 0 / 1                 0 / 1           ops/s
[40.063s][info][gc,stats    ]      Memory: Page Cache Hit L2                                 0 / 0                 0 / 0                 0 / 0                 0 / 0           ops/s
[40.063s][info][gc,stats    ]      Memory: Page Cache Hit L3                                 9 / 79                2 / 79                2 / 79                2 / 79          ops/s
[40.063s][info][gc,stats    ]      Memory: Page Cache Miss                                   3 / 30                0 / 30                0 / 30                0 / 30          ops/s
[40.063s][info][gc,stats    ]      Memory: Uncommit                                          0 / 0                 0 / 0                 0 / 0                 0 / 0           MB/s
[40.063s][info][gc,stats    ]      Memory: Undo Object Allocation Failed                     0 / 0                 0 / 0                 0 / 0                 0 / 0           ops/s
[40.063s][info][gc,stats    ]      Memory: Undo Object Allocation Succeeded                  0 / 0                 0 / 0                 0 / 0                 0 / 0           ops/s
[40.063s][info][gc,stats    ]      Memory: Undo Page Allocation                              0 / 0                 0 / 0                 0 / 0                 0 / 0           ops/s
[40.063s][info][gc,stats    ]       Phase: Concurrent Mark                               0.000 / 0.000         0.000 / 0.000         0.000 / 0.000         0.000 / 0.000       ms
[40.063s][info][gc,stats    ]       Phase: Concurrent Mark Continue                      0.000 / 0.000         0.000 / 0.000         0.000 / 0.000         0.000 / 0.000       ms
[40.063s][info][gc,stats    ]       Phase: Concurrent Process Non-Strong References      0.000 / 0.000         0.000 / 0.000         0.000 / 0.000         0.000 / 0.000       ms
[40.063s][info][gc,stats    ]       Phase: Concurrent Relocate                           0.000 / 0.000         0.000 / 0.000         0.000 / 0.000         0.000 / 0.000       ms
[40.063s][info][gc,stats    ]       Phase: Concurrent Reset Relocation Set               0.000 / 0.000         0.000 / 0.000         0.000 / 0.000         0.000 / 0.000       ms
[40.063s][info][gc,stats    ]       Phase: Concurrent Select Relocation Set              0.000 / 0.000         0.000 / 0.000         0.000 / 0.000         0.000 / 0.000       ms
[40.063s][info][gc,stats    ]       Phase: Pause Mark End                                0.000 / 0.000         0.000 / 0.000         0.000 / 0.000         0.000 / 0.000       ms
[40.063s][info][gc,stats    ]       Phase: Pause Mark Start                              0.000 / 0.000         0.000 / 0.000         0.000 / 0.000         0.000 / 0.000       ms
[40.063s][info][gc,stats    ]       Phase: Pause Relocate Start                          0.000 / 0.000         0.000 / 0.000         0.000 / 0.000         0.000 / 0.000       ms
[40.063s][info][gc,stats    ]    Subphase: Concurrent Classes Purge                      0.000 / 0.000         0.000 / 0.000         0.000 / 0.000         0.000 / 0.000       ms
[40.063s][info][gc,stats    ]    Subphase: Concurrent Classes Unlink                     0.000 / 0.000         0.000 / 0.000         0.000 / 0.000         0.000 / 0.000       ms
[40.063s][info][gc,stats    ]    Subphase: Concurrent Mark                               0.000 / 0.000         0.000 / 0.000         0.000 / 0.000         0.000 / 0.000       ms
[40.063s][info][gc,stats    ]    Subphase: Concurrent Mark Idle                          0.000 / 0.000         0.000 / 0.000         0.000 / 0.000         0.000 / 0.000       ms
[40.063s][info][gc,stats    ]    Subphase: Concurrent Mark Try Flush                     0.000 / 0.000         0.000 / 0.000         0.000 / 0.000         0.000 / 0.000       ms
[40.063s][info][gc,stats    ]    Subphase: Concurrent Mark Try Terminate                 0.000 / 0.000         0.000 / 0.000         0.000 / 0.000         0.000 / 0.000       ms
[40.063s][info][gc,stats    ]    Subphase: Concurrent References Enqueue                 0.000 / 0.000         0.000 / 0.000         0.000 / 0.000         0.000 / 0.000       ms
[40.063s][info][gc,stats    ]    Subphase: Concurrent References Process                 0.000 / 0.000         0.000 / 0.000         0.000 / 0.000         0.000 / 0.000       ms
[40.063s][info][gc,stats    ]    Subphase: Concurrent Roots ClassLoaderDataGraph         0.000 / 0.000         0.000 / 0.000         0.000 / 0.000         0.000 / 0.000       ms
[40.063s][info][gc,stats    ]    Subphase: Concurrent Roots CodeCache                    0.000 / 0.000         0.000 / 0.000         0.000 / 0.000         0.000 / 0.000       ms
[40.063s][info][gc,stats    ]    Subphase: Concurrent Roots JavaThreads                  0.000 / 0.000         0.000 / 0.000         0.000 / 0.000         0.000 / 0.000       ms
[40.063s][info][gc,stats    ]    Subphase: Concurrent Roots OopStorageSet                0.000 / 0.000         0.000 / 0.000         0.000 / 0.000         0.000 / 0.000       ms
[40.063s][info][gc,stats    ]    Subphase: Concurrent Weak Roots OopStorageSet           0.000 / 0.000         0.000 / 0.000         0.000 / 0.000         0.000 / 0.000       ms
[40.063s][info][gc,stats    ]    Subphase: Pause Mark Try Complete                       0.000 / 0.000         0.000 / 0.000         0.000 / 0.000         0.000 / 0.000       ms
[40.063s][info][gc,stats    ]      System: Java Threads                                      0 / 0                 0 / 0                 0 / 0                 0 / 0           threads
[40.063s][info][gc,stats    ] =========================================================================================================================================================
[50.070s][info][gc,stats    ] === Garbage Collection Statistics =======================================================================================================================
[50.070s][info][gc,stats    ]                                                              Last 10s              Last 10m              Last 10h                Total
[50.070s][info][gc,stats    ]                                                              Avg / Max             Avg / Max             Avg / Max             Avg / Max
[50.071s][info][gc,stats    ]   Collector: Garbage Collection Cycle                      0.000 / 0.000         0.000 / 0.000         0.000 / 0.000         0.000 / 0.000       ms
[50.071s][info][gc,stats    ]  Contention: Mark Segment Reset Contention                     0 / 0                 0 / 0                 0 / 0                 0 / 0           ops/s
[50.071s][info][gc,stats    ]  Contention: Mark SeqNum Reset Contention                      0 / 0                 0 / 0                 0 / 0                 0 / 0           ops/s
[50.071s][info][gc,stats    ]    Critical: Allocation Stall                                  0 / 0                 0 / 0                 0 / 0                 0 / 0           ops/s
[50.071s][info][gc,stats    ]    Critical: Allocation Stall                              0.000 / 0.000         0.000 / 0.000         0.000 / 0.000         0.000 / 0.000       ms
[50.071s][info][gc,stats    ]    Critical: GC Locker Stall                                   0 / 0                 0 / 0                 0 / 0                 0 / 0           ops/s
[50.071s][info][gc,stats    ]    Critical: GC Locker Stall                               0.000 / 0.000         0.000 / 0.000         0.000 / 0.000         0.000 / 0.000       ms
[50.071s][info][gc,stats    ]    Critical: Relocation Stall                                  0 / 0                 0 / 0                 0 / 0                 0 / 0           ops/s
[50.071s][info][gc,stats    ]    Critical: Relocation Stall                              0.000 / 0.000         0.000 / 0.000         0.000 / 0.000         0.000 / 0.000       ms
[50.071s][info][gc,stats    ]      Memory: Allocation Rate                                   0 / 0                11 / 264              11 / 264              11 / 264         MB/s
[50.071s][info][gc,stats    ]      Memory: Out Of Memory                                     0 / 0                 0 / 0                 0 / 0                 0 / 0           ops/s
[50.071s][info][gc,stats    ]      Memory: Page Cache Flush                                  0 / 0                 0 / 0                 0 / 0                 0 / 0           MB/s
[50.071s][info][gc,stats    ]      Memory: Page Cache Hit L1                                 0 / 0                 0 / 1                 0 / 1                 0 / 1           ops/s
[50.071s][info][gc,stats    ]      Memory: Page Cache Hit L2                                 0 / 0                 0 / 0                 0 / 0                 0 / 0           ops/s
[50.071s][info][gc,stats    ]      Memory: Page Cache Hit L3                                 0 / 0                 2 / 79                2 / 79                2 / 79          ops/s
[50.071s][info][gc,stats    ]      Memory: Page Cache Miss                                   0 / 0                 0 / 30                0 / 30                0 / 30          ops/s
[50.071s][info][gc,stats    ]      Memory: Uncommit                                          0 / 0                 0 / 0                 0 / 0                 0 / 0           MB/s
[50.071s][info][gc,stats    ]      Memory: Undo Object Allocation Failed                     0 / 0                 0 / 0                 0 / 0                 0 / 0           ops/s
[50.071s][info][gc,stats    ]      Memory: Undo Object Allocation Succeeded                  0 / 0                 0 / 0                 0 / 0                 0 / 0           ops/s
[50.071s][info][gc,stats    ]      Memory: Undo Page Allocation                              0 / 0                 0 / 0                 0 / 0                 0 / 0           ops/s
[50.071s][info][gc,stats    ]       Phase: Concurrent Mark                               0.000 / 0.000         0.000 / 0.000         0.000 / 0.000         0.000 / 0.000       ms
[50.071s][info][gc,stats    ]       Phase: Concurrent Mark Continue                      0.000 / 0.000         0.000 / 0.000         0.000 / 0.000         0.000 / 0.000       ms
[50.071s][info][gc,stats    ]       Phase: Concurrent Process Non-Strong References      0.000 / 0.000         0.000 / 0.000         0.000 / 0.000         0.000 / 0.000       ms
[50.071s][info][gc,stats    ]       Phase: Concurrent Relocate                           0.000 / 0.000         0.000 / 0.000         0.000 / 0.000         0.000 / 0.000       ms
[50.071s][info][gc,stats    ]       Phase: Concurrent Reset Relocation Set               0.000 / 0.000         0.000 / 0.000         0.000 / 0.000         0.000 / 0.000       ms
[50.071s][info][gc,stats    ]       Phase: Concurrent Select Relocation Set              0.000 / 0.000         0.000 / 0.000         0.000 / 0.000         0.000 / 0.000       ms
[50.071s][info][gc,stats    ]       Phase: Pause Mark End                                0.000 / 0.000         0.000 / 0.000         0.000 / 0.000         0.000 / 0.000       ms
[50.071s][info][gc,stats    ]       Phase: Pause Mark Start                              0.000 / 0.000         0.000 / 0.000         0.000 / 0.000         0.000 / 0.000       ms
[50.071s][info][gc,stats    ]       Phase: Pause Relocate Start                          0.000 / 0.000         0.000 / 0.000         0.000 / 0.000         0.000 / 0.000       ms
[50.071s][info][gc,stats    ]    Subphase: Concurrent Classes Purge                      0.000 / 0.000         0.000 / 0.000         0.000 / 0.000         0.000 / 0.000       ms
[50.071s][info][gc,stats    ]    Subphase: Concurrent Classes Unlink                     0.000 / 0.000         0.000 / 0.000         0.000 / 0.000         0.000 / 0.000       ms
[50.071s][info][gc,stats    ]    Subphase: Concurrent Mark                               0.000 / 0.000         0.000 / 0.000         0.000 / 0.000         0.000 / 0.000       ms
[50.071s][info][gc,stats    ]    Subphase: Concurrent Mark Idle                          0.000 / 0.000         0.000 / 0.000         0.000 / 0.000         0.000 / 0.000       ms
[50.071s][info][gc,stats    ]    Subphase: Concurrent Mark Try Flush                     0.000 / 0.000         0.000 / 0.000         0.000 / 0.000         0.000 / 0.000       ms
[50.071s][info][gc,stats    ]    Subphase: Concurrent Mark Try Terminate                 0.000 / 0.000         0.000 / 0.000         0.000 / 0.000         0.000 / 0.000       ms
[50.071s][info][gc,stats    ]    Subphase: Concurrent References Enqueue                 0.000 / 0.000         0.000 / 0.000         0.000 / 0.000         0.000 / 0.000       ms
[50.071s][info][gc,stats    ]    Subphase: Concurrent References Process                 0.000 / 0.000         0.000 / 0.000         0.000 / 0.000         0.000 / 0.000       ms
[50.071s][info][gc,stats    ]    Subphase: Concurrent Roots ClassLoaderDataGraph         0.000 / 0.000         0.000 / 0.000         0.000 / 0.000         0.000 / 0.000       ms
[50.071s][info][gc,stats    ]    Subphase: Concurrent Roots CodeCache                    0.000 / 0.000         0.000 / 0.000         0.000 / 0.000         0.000 / 0.000       ms
[50.071s][info][gc,stats    ]    Subphase: Concurrent Roots JavaThreads                  0.000 / 0.000         0.000 / 0.000         0.000 / 0.000         0.000 / 0.000       ms
[50.071s][info][gc,stats    ]    Subphase: Concurrent Roots OopStorageSet                0.000 / 0.000         0.000 / 0.000         0.000 / 0.000         0.000 / 0.000       ms
[50.071s][info][gc,stats    ]    Subphase: Concurrent Weak Roots OopStorageSet           0.000 / 0.000         0.000 / 0.000         0.000 / 0.000         0.000 / 0.000       ms
[50.071s][info][gc,stats    ]    Subphase: Pause Mark Try Complete                       0.000 / 0.000         0.000 / 0.000         0.000 / 0.000         0.000 / 0.000       ms
[50.071s][info][gc,stats    ]      System: Java Threads                                      0 / 0                 0 / 0                 0 / 0                 0 / 0           threads
[50.071s][info][gc,stats    ] =========================================================================================================================================================
[60.073s][info][gc,stats    ] === Garbage Collection Statistics =======================================================================================================================
[60.073s][info][gc,stats    ]                                                              Last 10s              Last 10m              Last 10h                Total
[60.073s][info][gc,stats    ]                                                              Avg / Max             Avg / Max             Avg / Max             Avg / Max
[60.073s][info][gc,stats    ]   Collector: Garbage Collection Cycle                      0.000 / 0.000         0.000 / 0.000         0.000 / 0.000         0.000 / 0.000       ms
[60.073s][info][gc,stats    ]  Contention: Mark Segment Reset Contention                     0 / 0                 0 / 0                 0 / 0                 0 / 0           ops/s
[60.073s][info][gc,stats    ]  Contention: Mark SeqNum Reset Contention                      0 / 0                 0 / 0                 0 / 0                 0 / 0           ops/s
[60.073s][info][gc,stats    ]    Critical: Allocation Stall                                  0 / 0                 0 / 0                 0 / 0                 0 / 0           ops/s
[60.073s][info][gc,stats    ]    Critical: Allocation Stall                              0.000 / 0.000         0.000 / 0.000         0.000 / 0.000         0.000 / 0.000       ms
[60.073s][info][gc,stats    ]    Critical: GC Locker Stall                                   0 / 0                 0 / 0                 0 / 0                 0 / 0           ops/s
[60.073s][info][gc,stats    ]    Critical: GC Locker Stall                               0.000 / 0.000         0.000 / 0.000         0.000 / 0.000         0.000 / 0.000       ms
[60.073s][info][gc,stats    ]    Critical: Relocation Stall                                  0 / 0                 0 / 0                 0 / 0                 0 / 0           ops/s
[60.073s][info][gc,stats    ]    Critical: Relocation Stall                              0.000 / 0.000         0.000 / 0.000         0.000 / 0.000         0.000 / 0.000       ms
[60.073s][info][gc,stats    ]      Memory: Allocation Rate                                   0 / 2                 9 / 264               9 / 264               9 / 264         MB/s
[60.073s][info][gc,stats    ]      Memory: Out Of Memory                                     0 / 0                 0 / 0                 0 / 0                 0 / 0           ops/s
[60.073s][info][gc,stats    ]      Memory: Page Cache Flush                                  0 / 0                 0 / 0                 0 / 0                 0 / 0           MB/s
[60.073s][info][gc,stats    ]      Memory: Page Cache Hit L1                                 0 / 0                 0 / 1                 0 / 1                 0 / 1           ops/s
[60.073s][info][gc,stats    ]      Memory: Page Cache Hit L2                                 0 / 0                 0 / 0                 0 / 0                 0 / 0           ops/s
[60.073s][info][gc,stats    ]      Memory: Page Cache Hit L3                                 0 / 0                 1 / 79                1 / 79                1 / 79          ops/s
[60.073s][info][gc,stats    ]      Memory: Page Cache Miss                                   0 / 1                 0 / 30                0 / 30                0 / 30          ops/s
[60.073s][info][gc,stats    ]      Memory: Uncommit                                          0 / 0                 0 / 0                 0 / 0                 0 / 0           MB/s
[60.073s][info][gc,stats    ]      Memory: Undo Object Allocation Failed                     0 / 0                 0 / 0                 0 / 0                 0 / 0           ops/s
[60.073s][info][gc,stats    ]      Memory: Undo Object Allocation Succeeded                  0 / 0                 0 / 0                 0 / 0                 0 / 0           ops/s
[60.073s][info][gc,stats    ]      Memory: Undo Page Allocation                              0 / 0                 0 / 0                 0 / 0                 0 / 0           ops/s
[60.073s][info][gc,stats    ]       Phase: Concurrent Mark                               0.000 / 0.000         0.000 / 0.000         0.000 / 0.000         0.000 / 0.000       ms
[60.073s][info][gc,stats    ]       Phase: Concurrent Mark Continue                      0.000 / 0.000         0.000 / 0.000         0.000 / 0.000         0.000 / 0.000       ms
[60.073s][info][gc,stats    ]       Phase: Concurrent Process Non-Strong References      0.000 / 0.000         0.000 / 0.000         0.000 / 0.000         0.000 / 0.000       ms
[60.073s][info][gc,stats    ]       Phase: Concurrent Relocate                           0.000 / 0.000         0.000 / 0.000         0.000 / 0.000         0.000 / 0.000       ms
[60.073s][info][gc,stats    ]       Phase: Concurrent Reset Relocation Set               0.000 / 0.000         0.000 / 0.000         0.000 / 0.000         0.000 / 0.000       ms
[60.073s][info][gc,stats    ]       Phase: Concurrent Select Relocation Set              0.000 / 0.000         0.000 / 0.000         0.000 / 0.000         0.000 / 0.000       ms
[60.073s][info][gc,stats    ]       Phase: Pause Mark End                                0.000 / 0.000         0.000 / 0.000         0.000 / 0.000         0.000 / 0.000       ms
[60.073s][info][gc,stats    ]       Phase: Pause Mark Start                              0.000 / 0.000         0.000 / 0.000         0.000 / 0.000         0.000 / 0.000       ms
[60.073s][info][gc,stats    ]       Phase: Pause Relocate Start                          0.000 / 0.000         0.000 / 0.000         0.000 / 0.000         0.000 / 0.000       ms
[60.073s][info][gc,stats    ]    Subphase: Concurrent Classes Purge                      0.000 / 0.000         0.000 / 0.000         0.000 / 0.000         0.000 / 0.000       ms
[60.073s][info][gc,stats    ]    Subphase: Concurrent Classes Unlink                     0.000 / 0.000         0.000 / 0.000         0.000 / 0.000         0.000 / 0.000       ms
[60.073s][info][gc,stats    ]    Subphase: Concurrent Mark                               0.000 / 0.000         0.000 / 0.000         0.000 / 0.000         0.000 / 0.000       ms
[60.073s][info][gc,stats    ]    Subphase: Concurrent Mark Idle                          0.000 / 0.000         0.000 / 0.000         0.000 / 0.000         0.000 / 0.000       ms
[60.073s][info][gc,stats    ]    Subphase: Concurrent Mark Try Flush                     0.000 / 0.000         0.000 / 0.000         0.000 / 0.000         0.000 / 0.000       ms
[60.073s][info][gc,stats    ]    Subphase: Concurrent Mark Try Terminate                 0.000 / 0.000         0.000 / 0.000         0.000 / 0.000         0.000 / 0.000       ms
[60.073s][info][gc,stats    ]    Subphase: Concurrent References Enqueue                 0.000 / 0.000         0.000 / 0.000         0.000 / 0.000         0.000 / 0.000       ms
[60.073s][info][gc,stats    ]    Subphase: Concurrent References Process                 0.000 / 0.000         0.000 / 0.000         0.000 / 0.000         0.000 / 0.000       ms
[60.073s][info][gc,stats    ]    Subphase: Concurrent Roots ClassLoaderDataGraph         0.000 / 0.000         0.000 / 0.000         0.000 / 0.000         0.000 / 0.000       ms
[60.073s][info][gc,stats    ]    Subphase: Concurrent Roots CodeCache                    0.000 / 0.000         0.000 / 0.000         0.000 / 0.000         0.000 / 0.000       ms
[60.073s][info][gc,stats    ]    Subphase: Concurrent Roots JavaThreads                  0.000 / 0.000         0.000 / 0.000         0.000 / 0.000         0.000 / 0.000       ms
[60.074s][info][gc,stats    ]    Subphase: Concurrent Roots OopStorageSet                0.000 / 0.000         0.000 / 0.000         0.000 / 0.000         0.000 / 0.000       ms
[60.074s][info][gc,stats    ]    Subphase: Concurrent Weak Roots OopStorageSet           0.000 / 0.000         0.000 / 0.000         0.000 / 0.000         0.000 / 0.000       ms
[60.074s][info][gc,stats    ]    Subphase: Pause Mark Try Complete                       0.000 / 0.000         0.000 / 0.000         0.000 / 0.000         0.000 / 0.000       ms
[60.074s][info][gc,stats    ]      System: Java Threads                                      0 / 0                 0 / 0                 0 / 0                 0 / 0           threads
[60.074s][info][gc,stats    ] =========================================================================================================================================================
[70.065s][info][gc,stats    ] === Garbage Collection Statistics =======================================================================================================================
[70.065s][info][gc,stats    ]                                                              Last 10s              Last 10m              Last 10h                Total
[70.065s][info][gc,stats    ]                                                              Avg / Max             Avg / Max             Avg / Max             Avg / Max
[70.065s][info][gc,stats    ]   Collector: Garbage Collection Cycle                      0.000 / 0.000         0.000 / 0.000         0.000 / 0.000         0.000 / 0.000       ms
[70.065s][info][gc,stats    ]  Contention: Mark Segment Reset Contention                     0 / 0                 0 / 0                 0 / 0                 0 / 0           ops/s
[70.065s][info][gc,stats    ]  Contention: Mark SeqNum Reset Contention                      0 / 0                 0 / 0                 0 / 0                 0 / 0           ops/s
[70.065s][info][gc,stats    ]    Critical: Allocation Stall                                  0 / 0                 0 / 0                 0 / 0                 0 / 0           ops/s
[70.065s][info][gc,stats    ]    Critical: Allocation Stall                              0.000 / 0.000         0.000 / 0.000         0.000 / 0.000         0.000 / 0.000       ms
[70.065s][info][gc,stats    ]    Critical: GC Locker Stall                                   0 / 0                 0 / 0                 0 / 0                 0 / 0           ops/s
[70.065s][info][gc,stats    ]    Critical: GC Locker Stall                               0.000 / 0.000         0.000 / 0.000         0.000 / 0.000         0.000 / 0.000       ms
[70.065s][info][gc,stats    ]    Critical: Relocation Stall                                  0 / 0                 0 / 0                 0 / 0                 0 / 0           ops/s
[70.065s][info][gc,stats    ]    Critical: Relocation Stall                              0.000 / 0.000         0.000 / 0.000         0.000 / 0.000         0.000 / 0.000       ms
[70.065s][info][gc,stats    ]      Memory: Allocation Rate                                   0 / 0                 8 / 264               8 / 264               8 / 264         MB/s
[70.065s][info][gc,stats    ]      Memory: Out Of Memory                                     0 / 0                 0 / 0                 0 / 0                 0 / 0           ops/s
[70.065s][info][gc,stats    ]      Memory: Page Cache Flush                                  0 / 0                 0 / 0                 0 / 0                 0 / 0           MB/s
[70.065s][info][gc,stats    ]      Memory: Page Cache Hit L1                                 0 / 0                 0 / 1                 0 / 1                 0 / 1           ops/s
[70.065s][info][gc,stats    ]      Memory: Page Cache Hit L2                                 0 / 0                 0 / 0                 0 / 0                 0 / 0           ops/s
[70.065s][info][gc,stats    ]      Memory: Page Cache Hit L3                                 0 / 0                 1 / 79                1 / 79                1 / 79          ops/s
[70.065s][info][gc,stats    ]      Memory: Page Cache Miss                                   0 / 0                 0 / 30                0 / 30                0 / 30          ops/s
[70.065s][info][gc,stats    ]      Memory: Uncommit                                          0 / 0                 0 / 0                 0 / 0                 0 / 0           MB/s
[70.065s][info][gc,stats    ]      Memory: Undo Object Allocation Failed                     0 / 0                 0 / 0                 0 / 0                 0 / 0           ops/s
[70.065s][info][gc,stats    ]      Memory: Undo Object Allocation Succeeded                  0 / 0                 0 / 0                 0 / 0                 0 / 0           ops/s
[70.066s][info][gc,stats    ]      Memory: Undo Page Allocation                              0 / 0                 0 / 0                 0 / 0                 0 / 0           ops/s
[70.066s][info][gc,stats    ]       Phase: Concurrent Mark                               0.000 / 0.000         0.000 / 0.000         0.000 / 0.000         0.000 / 0.000       ms
[70.066s][info][gc,stats    ]       Phase: Concurrent Mark Continue                      0.000 / 0.000         0.000 / 0.000         0.000 / 0.000         0.000 / 0.000       ms
[70.066s][info][gc,stats    ]       Phase: Concurrent Process Non-Strong References      0.000 / 0.000         0.000 / 0.000         0.000 / 0.000         0.000 / 0.000       ms
[70.066s][info][gc,stats    ]       Phase: Concurrent Relocate                           0.000 / 0.000         0.000 / 0.000         0.000 / 0.000         0.000 / 0.000       ms
[70.066s][info][gc,stats    ]       Phase: Concurrent Reset Relocation Set               0.000 / 0.000         0.000 / 0.000         0.000 / 0.000         0.000 / 0.000       ms
[70.066s][info][gc,stats    ]       Phase: Concurrent Select Relocation Set              0.000 / 0.000         0.000 / 0.000         0.000 / 0.000         0.000 / 0.000       ms
[70.066s][info][gc,stats    ]       Phase: Pause Mark End                                0.000 / 0.000         0.000 / 0.000         0.000 / 0.000         0.000 / 0.000       ms
[70.066s][info][gc,stats    ]       Phase: Pause Mark Start                              0.000 / 0.000         0.000 / 0.000         0.000 / 0.000         0.000 / 0.000       ms
[70.066s][info][gc,stats    ]       Phase: Pause Relocate Start                          0.000 / 0.000         0.000 / 0.000         0.000 / 0.000         0.000 / 0.000       ms
[70.066s][info][gc,stats    ]    Subphase: Concurrent Classes Purge                      0.000 / 0.000         0.000 / 0.000         0.000 / 0.000         0.000 / 0.000       ms
[70.066s][info][gc,stats    ]    Subphase: Concurrent Classes Unlink                     0.000 / 0.000         0.000 / 0.000         0.000 / 0.000         0.000 / 0.000       ms
[70.066s][info][gc,stats    ]    Subphase: Concurrent Mark                               0.000 / 0.000         0.000 / 0.000         0.000 / 0.000         0.000 / 0.000       ms
[70.066s][info][gc,stats    ]    Subphase: Concurrent Mark Idle                          0.000 / 0.000         0.000 / 0.000         0.000 / 0.000         0.000 / 0.000       ms
[70.066s][info][gc,stats    ]    Subphase: Concurrent Mark Try Flush                     0.000 / 0.000         0.000 / 0.000         0.000 / 0.000         0.000 / 0.000       ms
[70.066s][info][gc,stats    ]    Subphase: Concurrent Mark Try Terminate                 0.000 / 0.000         0.000 / 0.000         0.000 / 0.000         0.000 / 0.000       ms
[70.066s][info][gc,stats    ]    Subphase: Concurrent References Enqueue                 0.000 / 0.000         0.000 / 0.000         0.000 / 0.000         0.000 / 0.000       ms
[70.066s][info][gc,stats    ]    Subphase: Concurrent References Process                 0.000 / 0.000         0.000 / 0.000         0.000 / 0.000         0.000 / 0.000       ms
[70.066s][info][gc,stats    ]    Subphase: Concurrent Roots ClassLoaderDataGraph         0.000 / 0.000         0.000 / 0.000         0.000 / 0.000         0.000 / 0.000       ms
[70.066s][info][gc,stats    ]    Subphase: Concurrent Roots CodeCache                    0.000 / 0.000         0.000 / 0.000         0.000 / 0.000         0.000 / 0.000       ms
[70.066s][info][gc,stats    ]    Subphase: Concurrent Roots JavaThreads                  0.000 / 0.000         0.000 / 0.000         0.000 / 0.000         0.000 / 0.000       ms
[70.066s][info][gc,stats    ]    Subphase: Concurrent Roots OopStorageSet                0.000 / 0.000         0.000 / 0.000         0.000 / 0.000         0.000 / 0.000       ms
[70.066s][info][gc,stats    ]    Subphase: Concurrent Weak Roots OopStorageSet           0.000 / 0.000         0.000 / 0.000         0.000 / 0.000         0.000 / 0.000       ms
[70.066s][info][gc,stats    ]    Subphase: Pause Mark Try Complete                       0.000 / 0.000         0.000 / 0.000         0.000 / 0.000         0.000 / 0.000       ms
[70.066s][info][gc,stats    ]      System: Java Threads                                      0 / 0                 0 / 0                 0 / 0                 0 / 0           threads
[70.066s][info][gc,stats    ] =========================================================================================================================================================
[80.064s][info][gc,stats    ] === Garbage Collection Statistics =======================================================================================================================
[80.064s][info][gc,stats    ]                                                              Last 10s              Last 10m              Last 10h                Total
[80.064s][info][gc,stats    ]                                                              Avg / Max             Avg / Max             Avg / Max             Avg / Max
[80.064s][info][gc,stats    ]   Collector: Garbage Collection Cycle                      0.000 / 0.000         0.000 / 0.000         0.000 / 0.000         0.000 / 0.000       ms
[80.064s][info][gc,stats    ]  Contention: Mark Segment Reset Contention                     0 / 0                 0 / 0                 0 / 0                 0 / 0           ops/s
[80.064s][info][gc,stats    ]  Contention: Mark SeqNum Reset Contention                      0 / 0                 0 / 0                 0 / 0                 0 / 0           ops/s
[80.064s][info][gc,stats    ]    Critical: Allocation Stall                                  0 / 0                 0 / 0                 0 / 0                 0 / 0           ops/s
[80.064s][info][gc,stats    ]    Critical: Allocation Stall                              0.000 / 0.000         0.000 / 0.000         0.000 / 0.000         0.000 / 0.000       ms
[80.064s][info][gc,stats    ]    Critical: GC Locker Stall                                   0 / 0                 0 / 0                 0 / 0                 0 / 0           ops/s
[80.064s][info][gc,stats    ]    Critical: GC Locker Stall                               0.000 / 0.000         0.000 / 0.000         0.000 / 0.000         0.000 / 0.000       ms
[80.064s][info][gc,stats    ]    Critical: Relocation Stall                                  0 / 0                 0 / 0                 0 / 0                 0 / 0           ops/s
[80.064s][info][gc,stats    ]    Critical: Relocation Stall                              0.000 / 0.000         0.000 / 0.000         0.000 / 0.000         0.000 / 0.000       ms
[80.064s][info][gc,stats    ]      Memory: Allocation Rate                                   0 / 0                 7 / 264               7 / 264               7 / 264         MB/s
[80.064s][info][gc,stats    ]      Memory: Out Of Memory                                     0 / 0                 0 / 0                 0 / 0                 0 / 0           ops/s
[80.064s][info][gc,stats    ]      Memory: Page Cache Flush                                  0 / 0                 0 / 0                 0 / 0                 0 / 0           MB/s
[80.064s][info][gc,stats    ]      Memory: Page Cache Hit L1                                 0 / 0                 0 / 1                 0 / 1                 0 / 1           ops/s
[80.064s][info][gc,stats    ]      Memory: Page Cache Hit L2                                 0 / 0                 0 / 0                 0 / 0                 0 / 0           ops/s
[80.064s][info][gc,stats    ]      Memory: Page Cache Hit L3                                 0 / 0                 1 / 79                1 / 79                1 / 79          ops/s
[80.064s][info][gc,stats    ]      Memory: Page Cache Miss                                   0 / 0                 0 / 30                0 / 30                0 / 30          ops/s
[80.064s][info][gc,stats    ]      Memory: Uncommit                                          0 / 0                 0 / 0                 0 / 0                 0 / 0           MB/s
[80.064s][info][gc,stats    ]      Memory: Undo Object Allocation Failed                     0 / 0                 0 / 0                 0 / 0                 0 / 0           ops/s
[80.064s][info][gc,stats    ]      Memory: Undo Object Allocation Succeeded                  0 / 0                 0 / 0                 0 / 0                 0 / 0           ops/s
[80.064s][info][gc,stats    ]      Memory: Undo Page Allocation                              0 / 0                 0 / 0                 0 / 0                 0 / 0           ops/s
[80.064s][info][gc,stats    ]       Phase: Concurrent Mark                               0.000 / 0.000         0.000 / 0.000         0.000 / 0.000         0.000 / 0.000       ms
[80.064s][info][gc,stats    ]       Phase: Concurrent Mark Continue                      0.000 / 0.000         0.000 / 0.000         0.000 / 0.000         0.000 / 0.000       ms
[80.064s][info][gc,stats    ]       Phase: Concurrent Process Non-Strong References      0.000 / 0.000         0.000 / 0.000         0.000 / 0.000         0.000 / 0.000       ms
[80.064s][info][gc,stats    ]       Phase: Concurrent Relocate                           0.000 / 0.000         0.000 / 0.000         0.000 / 0.000         0.000 / 0.000       ms
[80.064s][info][gc,stats    ]       Phase: Concurrent Reset Relocation Set               0.000 / 0.000         0.000 / 0.000         0.000 / 0.000         0.000 / 0.000       ms
[80.064s][info][gc,stats    ]       Phase: Concurrent Select Relocation Set              0.000 / 0.000         0.000 / 0.000         0.000 / 0.000         0.000 / 0.000       ms
[80.064s][info][gc,stats    ]       Phase: Pause Mark End                                0.000 / 0.000         0.000 / 0.000         0.000 / 0.000         0.000 / 0.000       ms
[80.064s][info][gc,stats    ]       Phase: Pause Mark Start                              0.000 / 0.000         0.000 / 0.000         0.000 / 0.000         0.000 / 0.000       ms
[80.064s][info][gc,stats    ]       Phase: Pause Relocate Start                          0.000 / 0.000         0.000 / 0.000         0.000 / 0.000         0.000 / 0.000       ms
[80.064s][info][gc,stats    ]    Subphase: Concurrent Classes Purge                      0.000 / 0.000         0.000 / 0.000         0.000 / 0.000         0.000 / 0.000       ms
[80.064s][info][gc,stats    ]    Subphase: Concurrent Classes Unlink                     0.000 / 0.000         0.000 / 0.000         0.000 / 0.000         0.000 / 0.000       ms
[80.064s][info][gc,stats    ]    Subphase: Concurrent Mark                               0.000 / 0.000         0.000 / 0.000         0.000 / 0.000         0.000 / 0.000       ms
[80.064s][info][gc,stats    ]    Subphase: Concurrent Mark Idle                          0.000 / 0.000         0.000 / 0.000         0.000 / 0.000         0.000 / 0.000       ms
[80.064s][info][gc,stats    ]    Subphase: Concurrent Mark Try Flush                     0.000 / 0.000         0.000 / 0.000         0.000 / 0.000         0.000 / 0.000       ms
[80.064s][info][gc,stats    ]    Subphase: Concurrent Mark Try Terminate                 0.000 / 0.000         0.000 / 0.000         0.000 / 0.000         0.000 / 0.000       ms
[80.064s][info][gc,stats    ]    Subphase: Concurrent References Enqueue                 0.000 / 0.000         0.000 / 0.000         0.000 / 0.000         0.000 / 0.000       ms
[80.064s][info][gc,stats    ]    Subphase: Concurrent References Process                 0.000 / 0.000         0.000 / 0.000         0.000 / 0.000         0.000 / 0.000       ms
[80.064s][info][gc,stats    ]    Subphase: Concurrent Roots ClassLoaderDataGraph         0.000 / 0.000         0.000 / 0.000         0.000 / 0.000         0.000 / 0.000       ms
[80.064s][info][gc,stats    ]    Subphase: Concurrent Roots CodeCache                    0.000 / 0.000         0.000 / 0.000         0.000 / 0.000         0.000 / 0.000       ms
[80.064s][info][gc,stats    ]    Subphase: Concurrent Roots JavaThreads                  0.000 / 0.000         0.000 / 0.000         0.000 / 0.000         0.000 / 0.000       ms
[80.064s][info][gc,stats    ]    Subphase: Concurrent Roots OopStorageSet                0.000 / 0.000         0.000 / 0.000         0.000 / 0.000         0.000 / 0.000       ms
[80.064s][info][gc,stats    ]    Subphase: Concurrent Weak Roots OopStorageSet           0.000 / 0.000         0.000 / 0.000         0.000 / 0.000         0.000 / 0.000       ms
[80.064s][info][gc,stats    ]    Subphase: Pause Mark Try Complete                       0.000 / 0.000         0.000 / 0.000         0.000 / 0.000         0.000 / 0.000       ms
[80.064s][info][gc,stats    ]      System: Java Threads                                      0 / 0                 0 / 0                 0 / 0                 0 / 0           threads
[80.064s][info][gc,stats    ] =========================================================================================================================================================
[90.075s][info][gc,stats    ] === Garbage Collection Statistics =======================================================================================================================
[90.075s][info][gc,stats    ]                                                              Last 10s              Last 10m              Last 10h                Total
[90.075s][info][gc,stats    ]                                                              Avg / Max             Avg / Max             Avg / Max             Avg / Max
[90.075s][info][gc,stats    ]   Collector: Garbage Collection Cycle                      0.000 / 0.000         0.000 / 0.000         0.000 / 0.000         0.000 / 0.000       ms
[90.075s][info][gc,stats    ]  Contention: Mark Segment Reset Contention                     0 / 0                 0 / 0                 0 / 0                 0 / 0           ops/s
[90.075s][info][gc,stats    ]  Contention: Mark SeqNum Reset Contention                      0 / 0                 0 / 0                 0 / 0                 0 / 0           ops/s
[90.075s][info][gc,stats    ]    Critical: Allocation Stall                                  0 / 0                 0 / 0                 0 / 0                 0 / 0           ops/s
[90.075s][info][gc,stats    ]    Critical: Allocation Stall                              0.000 / 0.000         0.000 / 0.000         0.000 / 0.000         0.000 / 0.000       ms
[90.075s][info][gc,stats    ]    Critical: GC Locker Stall                                   0 / 0                 0 / 0                 0 / 0                 0 / 0           ops/s
[90.075s][info][gc,stats    ]    Critical: GC Locker Stall                               0.000 / 0.000         0.000 / 0.000         0.000 / 0.000         0.000 / 0.000       ms
[90.075s][info][gc,stats    ]    Critical: Relocation Stall                                  0 / 0                 0 / 0                 0 / 0                 0 / 0           ops/s
[90.075s][info][gc,stats    ]    Critical: Relocation Stall                              0.000 / 0.000         0.000 / 0.000         0.000 / 0.000         0.000 / 0.000       ms
[90.075s][info][gc,stats    ]      Memory: Allocation Rate                                   0 / 0                 6 / 264               6 / 264               6 / 264         MB/s
[90.075s][info][gc,stats    ]      Memory: Out Of Memory                                     0 / 0                 0 / 0                 0 / 0                 0 / 0           ops/s
[90.075s][info][gc,stats    ]      Memory: Page Cache Flush                                  0 / 0                 0 / 0                 0 / 0                 0 / 0           MB/s
[90.075s][info][gc,stats    ]      Memory: Page Cache Hit L1                                 0 / 0                 0 / 1                 0 / 1                 0 / 1           ops/s
[90.075s][info][gc,stats    ]      Memory: Page Cache Hit L2                                 0 / 0                 0 / 0                 0 / 0                 0 / 0           ops/s
[90.075s][info][gc,stats    ]      Memory: Page Cache Hit L3                                 0 / 0                 1 / 79                1 / 79                1 / 79          ops/s
[90.075s][info][gc,stats    ]      Memory: Page Cache Miss                                   0 / 0                 0 / 30                0 / 30                0 / 30          ops/s
[90.075s][info][gc,stats    ]      Memory: Uncommit                                          0 / 0                 0 / 0                 0 / 0                 0 / 0           MB/s
[90.075s][info][gc,stats    ]      Memory: Undo Object Allocation Failed                     0 / 0                 0 / 0                 0 / 0                 0 / 0           ops/s
[90.075s][info][gc,stats    ]      Memory: Undo Object Allocation Succeeded                  0 / 0                 0 / 0                 0 / 0                 0 / 0           ops/s
[90.076s][info][gc,stats    ]      Memory: Undo Page Allocation                              0 / 0                 0 / 0                 0 / 0                 0 / 0           ops/s
[90.076s][info][gc,stats    ]       Phase: Concurrent Mark                               0.000 / 0.000         0.000 / 0.000         0.000 / 0.000         0.000 / 0.000       ms
[90.076s][info][gc,stats    ]       Phase: Concurrent Mark Continue                      0.000 / 0.000         0.000 / 0.000         0.000 / 0.000         0.000 / 0.000       ms
[90.076s][info][gc,stats    ]       Phase: Concurrent Process Non-Strong References      0.000 / 0.000         0.000 / 0.000         0.000 / 0.000         0.000 / 0.000       ms
[90.076s][info][gc,stats    ]       Phase: Concurrent Relocate                           0.000 / 0.000         0.000 / 0.000         0.000 / 0.000         0.000 / 0.000       ms
[90.076s][info][gc,stats    ]       Phase: Concurrent Reset Relocation Set               0.000 / 0.000         0.000 / 0.000         0.000 / 0.000         0.000 / 0.000       ms
[90.076s][info][gc,stats    ]       Phase: Concurrent Select Relocation Set              0.000 / 0.000         0.000 / 0.000         0.000 / 0.000         0.000 / 0.000       ms
[90.076s][info][gc,stats    ]       Phase: Pause Mark End                                0.000 / 0.000         0.000 / 0.000         0.000 / 0.000         0.000 / 0.000       ms
[90.076s][info][gc,stats    ]       Phase: Pause Mark Start                              0.000 / 0.000         0.000 / 0.000         0.000 / 0.000         0.000 / 0.000       ms
[90.076s][info][gc,stats    ]       Phase: Pause Relocate Start                          0.000 / 0.000         0.000 / 0.000         0.000 / 0.000         0.000 / 0.000       ms
[90.076s][info][gc,stats    ]    Subphase: Concurrent Classes Purge                      0.000 / 0.000         0.000 / 0.000         0.000 / 0.000         0.000 / 0.000       ms
[90.076s][info][gc,stats    ]    Subphase: Concurrent Classes Unlink                     0.000 / 0.000         0.000 / 0.000         0.000 / 0.000         0.000 / 0.000       ms
[90.076s][info][gc,stats    ]    Subphase: Concurrent Mark                               0.000 / 0.000         0.000 / 0.000         0.000 / 0.000         0.000 / 0.000       ms
[90.076s][info][gc,stats    ]    Subphase: Concurrent Mark Idle                          0.000 / 0.000         0.000 / 0.000         0.000 / 0.000         0.000 / 0.000       ms
[90.076s][info][gc,stats    ]    Subphase: Concurrent Mark Try Flush                     0.000 / 0.000         0.000 / 0.000         0.000 / 0.000         0.000 / 0.000       ms
[90.076s][info][gc,stats    ]    Subphase: Concurrent Mark Try Terminate                 0.000 / 0.000         0.000 / 0.000         0.000 / 0.000         0.000 / 0.000       ms
[90.076s][info][gc,stats    ]    Subphase: Concurrent References Enqueue                 0.000 / 0.000         0.000 / 0.000         0.000 / 0.000         0.000 / 0.000       ms
[90.076s][info][gc,stats    ]    Subphase: Concurrent References Process                 0.000 / 0.000         0.000 / 0.000         0.000 / 0.000         0.000 / 0.000       ms
[90.076s][info][gc,stats    ]    Subphase: Concurrent Roots ClassLoaderDataGraph         0.000 / 0.000         0.000 / 0.000         0.000 / 0.000         0.000 / 0.000       ms
[90.076s][info][gc,stats    ]    Subphase: Concurrent Roots CodeCache                    0.000 / 0.000         0.000 / 0.000         0.000 / 0.000         0.000 / 0.000       ms
[90.076s][info][gc,stats    ]    Subphase: Concurrent Roots JavaThreads                  0.000 / 0.000         0.000 / 0.000         0.000 / 0.000         0.000 / 0.000       ms
[90.076s][info][gc,stats    ]    Subphase: Concurrent Roots OopStorageSet                0.000 / 0.000         0.000 / 0.000         0.000 / 0.000         0.000 / 0.000       ms
[90.076s][info][gc,stats    ]    Subphase: Concurrent Weak Roots OopStorageSet           0.000 / 0.000         0.000 / 0.000         0.000 / 0.000         0.000 / 0.000       ms
[90.076s][info][gc,stats    ]    Subphase: Pause Mark Try Complete                       0.000 / 0.000         0.000 / 0.000         0.000 / 0.000         0.000 / 0.000       ms
[90.076s][info][gc,stats    ]      System: Java Threads                                      0 / 0                 0 / 0                 0 / 0                 0 / 0           threads
[90.076s][info][gc,stats    ] =========================================================================================================================================================
[100.065s][info][gc,stats    ] === Garbage Collection Statistics =======================================================================================================================
[100.065s][info][gc,stats    ]                                                              Last 10s              Last 10m              Last 10h                Total
[100.065s][info][gc,stats    ]                                                              Avg / Max             Avg / Max             Avg / Max             Avg / Max
[100.065s][info][gc,stats    ]   Collector: Garbage Collection Cycle                      0.000 / 0.000         0.000 / 0.000         0.000 / 0.000         0.000 / 0.000       ms
[100.065s][info][gc,stats    ]  Contention: Mark Segment Reset Contention                     0 / 0                 0 / 0                 0 / 0                 0 / 0           ops/s
[100.065s][info][gc,stats    ]  Contention: Mark SeqNum Reset Contention                      0 / 0                 0 / 0                 0 / 0                 0 / 0           ops/s
[100.065s][info][gc,stats    ]    Critical: Allocation Stall                                  0 / 0                 0 / 0                 0 / 0                 0 / 0           ops/s
[100.065s][info][gc,stats    ]    Critical: Allocation Stall                              0.000 / 0.000         0.000 / 0.000         0.000 / 0.000         0.000 / 0.000       ms
[100.065s][info][gc,stats    ]    Critical: GC Locker Stall                                   0 / 0                 0 / 0                 0 / 0                 0 / 0           ops/s
[100.065s][info][gc,stats    ]    Critical: GC Locker Stall                               0.000 / 0.000         0.000 / 0.000         0.000 / 0.000         0.000 / 0.000       ms
[100.065s][info][gc,stats    ]    Critical: Relocation Stall                                  0 / 0                 0 / 0                 0 / 0                 0 / 0           ops/s
[100.065s][info][gc,stats    ]    Critical: Relocation Stall                              0.000 / 0.000         0.000 / 0.000         0.000 / 0.000         0.000 / 0.000       ms
[100.065s][info][gc,stats    ]      Memory: Allocation Rate                                   0 / 0                 5 / 264               5 / 264               5 / 264         MB/s
[100.065s][info][gc,stats    ]      Memory: Out Of Memory                                     0 / 0                 0 / 0                 0 / 0                 0 / 0           ops/s
[100.065s][info][gc,stats    ]      Memory: Page Cache Flush                                  0 / 0                 0 / 0                 0 / 0                 0 / 0           MB/s
[100.065s][info][gc,stats    ]      Memory: Page Cache Hit L1                                 0 / 0                 0 / 1                 0 / 1                 0 / 1           ops/s
[100.065s][info][gc,stats    ]      Memory: Page Cache Hit L2                                 0 / 0                 0 / 0                 0 / 0                 0 / 0           ops/s
[100.065s][info][gc,stats    ]      Memory: Page Cache Hit L3                                 0 / 0                 1 / 79                1 / 79                1 / 79          ops/s
[100.065s][info][gc,stats    ]      Memory: Page Cache Miss                                   0 / 0                 0 / 30                0 / 30                0 / 30          ops/s
[100.065s][info][gc,stats    ]      Memory: Uncommit                                          0 / 0                 0 / 0                 0 / 0                 0 / 0           MB/s
[100.065s][info][gc,stats    ]      Memory: Undo Object Allocation Failed                     0 / 0                 0 / 0                 0 / 0                 0 / 0           ops/s
[100.066s][info][gc,stats    ]      Memory: Undo Object Allocation Succeeded                  0 / 0                 0 / 0                 0 / 0                 0 / 0           ops/s
[100.066s][info][gc,stats    ]      Memory: Undo Page Allocation                              0 / 0                 0 / 0                 0 / 0                 0 / 0           ops/s
[100.066s][info][gc,stats    ]       Phase: Concurrent Mark                               0.000 / 0.000         0.000 / 0.000         0.000 / 0.000         0.000 / 0.000       ms
[100.066s][info][gc,stats    ]       Phase: Concurrent Mark Continue                      0.000 / 0.000         0.000 / 0.000         0.000 / 0.000         0.000 / 0.000       ms
[100.066s][info][gc,stats    ]       Phase: Concurrent Process Non-Strong References      0.000 / 0.000         0.000 / 0.000         0.000 / 0.000         0.000 / 0.000       ms
[100.066s][info][gc,stats    ]       Phase: Concurrent Relocate                           0.000 / 0.000         0.000 / 0.000         0.000 / 0.000         0.000 / 0.000       ms
[100.066s][info][gc,stats    ]       Phase: Concurrent Reset Relocation Set               0.000 / 0.000         0.000 / 0.000         0.000 / 0.000         0.000 / 0.000       ms
[100.066s][info][gc,stats    ]       Phase: Concurrent Select Relocation Set              0.000 / 0.000         0.000 / 0.000         0.000 / 0.000         0.000 / 0.000       ms
[100.066s][info][gc,stats    ]       Phase: Pause Mark End                                0.000 / 0.000         0.000 / 0.000         0.000 / 0.000         0.000 / 0.000       ms
[100.066s][info][gc,stats    ]       Phase: Pause Mark Start                              0.000 / 0.000         0.000 / 0.000         0.000 / 0.000         0.000 / 0.000       ms
[100.066s][info][gc,stats    ]       Phase: Pause Relocate Start                          0.000 / 0.000         0.000 / 0.000         0.000 / 0.000         0.000 / 0.000       ms
[100.066s][info][gc,stats    ]    Subphase: Concurrent Classes Purge                      0.000 / 0.000         0.000 / 0.000         0.000 / 0.000         0.000 / 0.000       ms
[100.066s][info][gc,stats    ]    Subphase: Concurrent Classes Unlink                     0.000 / 0.000         0.000 / 0.000         0.000 / 0.000         0.000 / 0.000       ms
[100.066s][info][gc,stats    ]    Subphase: Concurrent Mark                               0.000 / 0.000         0.000 / 0.000         0.000 / 0.000         0.000 / 0.000       ms
[100.066s][info][gc,stats    ]    Subphase: Concurrent Mark Idle                          0.000 / 0.000         0.000 / 0.000         0.000 / 0.000         0.000 / 0.000       ms
[100.066s][info][gc,stats    ]    Subphase: Concurrent Mark Try Flush                     0.000 / 0.000         0.000 / 0.000         0.000 / 0.000         0.000 / 0.000       ms
[100.066s][info][gc,stats    ]    Subphase: Concurrent Mark Try Terminate                 0.000 / 0.000         0.000 / 0.000         0.000 / 0.000         0.000 / 0.000       ms
[100.066s][info][gc,stats    ]    Subphase: Concurrent References Enqueue                 0.000 / 0.000         0.000 / 0.000         0.000 / 0.000         0.000 / 0.000       ms
[100.066s][info][gc,stats    ]    Subphase: Concurrent References Process                 0.000 / 0.000         0.000 / 0.000         0.000 / 0.000         0.000 / 0.000       ms
[100.066s][info][gc,stats    ]    Subphase: Concurrent Roots ClassLoaderDataGraph         0.000 / 0.000         0.000 / 0.000         0.000 / 0.000         0.000 / 0.000       ms
[100.066s][info][gc,stats    ]    Subphase: Concurrent Roots CodeCache                    0.000 / 0.000         0.000 / 0.000         0.000 / 0.000         0.000 / 0.000       ms
[100.066s][info][gc,stats    ]    Subphase: Concurrent Roots JavaThreads                  0.000 / 0.000         0.000 / 0.000         0.000 / 0.000         0.000 / 0.000       ms
[100.066s][info][gc,stats    ]    Subphase: Concurrent Roots OopStorageSet                0.000 / 0.000         0.000 / 0.000         0.000 / 0.000         0.000 / 0.000       ms
[100.066s][info][gc,stats    ]    Subphase: Concurrent Weak Roots OopStorageSet           0.000 / 0.000         0.000 / 0.000         0.000 / 0.000         0.000 / 0.000       ms
[100.066s][info][gc,stats    ]    Subphase: Pause Mark Try Complete                       0.000 / 0.000         0.000 / 0.000         0.000 / 0.000         0.000 / 0.000       ms
[100.066s][info][gc,stats    ]      System: Java Threads                                      0 / 0                 0 / 0                 0 / 0                 0 / 0           threads
[100.066s][info][gc,stats    ] =========================================================================================================================================================
[110.071s][info][gc,stats    ] === Garbage Collection Statistics =======================================================================================================================
[110.071s][info][gc,stats    ]                                                              Last 10s              Last 10m              Last 10h                Total
[110.071s][info][gc,stats    ]                                                              Avg / Max             Avg / Max             Avg / Max             Avg / Max
[110.071s][info][gc,stats    ]   Collector: Garbage Collection Cycle                      0.000 / 0.000         0.000 / 0.000         0.000 / 0.000         0.000 / 0.000       ms
[110.071s][info][gc,stats    ]  Contention: Mark Segment Reset Contention                     0 / 0                 0 / 0                 0 / 0                 0 / 0           ops/s
[110.071s][info][gc,stats    ]  Contention: Mark SeqNum Reset Contention                      0 / 0                 0 / 0                 0 / 0                 0 / 0           ops/s
[110.071s][info][gc,stats    ]    Critical: Allocation Stall                                  0 / 0                 0 / 0                 0 / 0                 0 / 0           ops/s
[110.071s][info][gc,stats    ]    Critical: Allocation Stall                              0.000 / 0.000         0.000 / 0.000         0.000 / 0.000         0.000 / 0.000       ms
[110.071s][info][gc,stats    ]    Critical: GC Locker Stall                                   0 / 0                 0 / 0                 0 / 0                 0 / 0           ops/s
[110.071s][info][gc,stats    ]    Critical: GC Locker Stall                               0.000 / 0.000         0.000 / 0.000         0.000 / 0.000         0.000 / 0.000       ms
[110.071s][info][gc,stats    ]    Critical: Relocation Stall                                  0 / 0                 0 / 0                 0 / 0                 0 / 0           ops/s
[110.071s][info][gc,stats    ]    Critical: Relocation Stall                              0.000 / 0.000         0.000 / 0.000         0.000 / 0.000         0.000 / 0.000       ms
[110.071s][info][gc,stats    ]      Memory: Allocation Rate                                   0 / 2                 5 / 264               5 / 264               5 / 264         MB/s
[110.071s][info][gc,stats    ]      Memory: Out Of Memory                                     0 / 0                 0 / 0                 0 / 0                 0 / 0           ops/s
[110.071s][info][gc,stats    ]      Memory: Page Cache Flush                                  0 / 0                 0 / 0                 0 / 0                 0 / 0           MB/s
[110.071s][info][gc,stats    ]      Memory: Page Cache Hit L1                                 0 / 0                 0 / 1                 0 / 1                 0 / 1           ops/s
[110.071s][info][gc,stats    ]      Memory: Page Cache Hit L2                                 0 / 0                 0 / 0                 0 / 0                 0 / 0           ops/s
[110.071s][info][gc,stats    ]      Memory: Page Cache Hit L3                                 0 / 0                 0 / 79                0 / 79                0 / 79          ops/s
[110.071s][info][gc,stats    ]      Memory: Page Cache Miss                                   0 / 1                 0 / 30                0 / 30                0 / 30          ops/s
[110.071s][info][gc,stats    ]      Memory: Uncommit                                          0 / 0                 0 / 0                 0 / 0                 0 / 0           MB/s
[110.071s][info][gc,stats    ]      Memory: Undo Object Allocation Failed                     0 / 0                 0 / 0                 0 / 0                 0 / 0           ops/s
[110.071s][info][gc,stats    ]      Memory: Undo Object Allocation Succeeded                  0 / 0                 0 / 0                 0 / 0                 0 / 0           ops/s
[110.071s][info][gc,stats    ]      Memory: Undo Page Allocation                              0 / 0                 0 / 0                 0 / 0                 0 / 0           ops/s
[110.071s][info][gc,stats    ]       Phase: Concurrent Mark                               0.000 / 0.000         0.000 / 0.000         0.000 / 0.000         0.000 / 0.000       ms
[110.071s][info][gc,stats    ]       Phase: Concurrent Mark Continue                      0.000 / 0.000         0.000 / 0.000         0.000 / 0.000         0.000 / 0.000       ms
[110.071s][info][gc,stats    ]       Phase: Concurrent Process Non-Strong References      0.000 / 0.000         0.000 / 0.000         0.000 / 0.000         0.000 / 0.000       ms
[110.071s][info][gc,stats    ]       Phase: Concurrent Relocate                           0.000 / 0.000         0.000 / 0.000         0.000 / 0.000         0.000 / 0.000       ms
[110.071s][info][gc,stats    ]       Phase: Concurrent Reset Relocation Set               0.000 / 0.000         0.000 / 0.000         0.000 / 0.000         0.000 / 0.000       ms
[110.071s][info][gc,stats    ]       Phase: Concurrent Select Relocation Set              0.000 / 0.000         0.000 / 0.000         0.000 / 0.000         0.000 / 0.000       ms
[110.071s][info][gc,stats    ]       Phase: Pause Mark End                                0.000 / 0.000         0.000 / 0.000         0.000 / 0.000         0.000 / 0.000       ms
[110.071s][info][gc,stats    ]       Phase: Pause Mark Start                              0.000 / 0.000         0.000 / 0.000         0.000 / 0.000         0.000 / 0.000       ms
[110.071s][info][gc,stats    ]       Phase: Pause Relocate Start                          0.000 / 0.000         0.000 / 0.000         0.000 / 0.000         0.000 / 0.000       ms
[110.071s][info][gc,stats    ]    Subphase: Concurrent Classes Purge                      0.000 / 0.000         0.000 / 0.000         0.000 / 0.000         0.000 / 0.000       ms
[110.071s][info][gc,stats    ]    Subphase: Concurrent Classes Unlink                     0.000 / 0.000         0.000 / 0.000         0.000 / 0.000         0.000 / 0.000       ms
[110.071s][info][gc,stats    ]    Subphase: Concurrent Mark                               0.000 / 0.000         0.000 / 0.000         0.000 / 0.000         0.000 / 0.000       ms
[110.071s][info][gc,stats    ]    Subphase: Concurrent Mark Idle                          0.000 / 0.000         0.000 / 0.000         0.000 / 0.000         0.000 / 0.000       ms
[110.071s][info][gc,stats    ]    Subphase: Concurrent Mark Try Flush                     0.000 / 0.000         0.000 / 0.000         0.000 / 0.000         0.000 / 0.000       ms
[110.071s][info][gc,stats    ]    Subphase: Concurrent Mark Try Terminate                 0.000 / 0.000         0.000 / 0.000         0.000 / 0.000         0.000 / 0.000       ms
[110.071s][info][gc,stats    ]    Subphase: Concurrent References Enqueue                 0.000 / 0.000         0.000 / 0.000         0.000 / 0.000         0.000 / 0.000       ms
[110.071s][info][gc,stats    ]    Subphase: Concurrent References Process                 0.000 / 0.000         0.000 / 0.000         0.000 / 0.000         0.000 / 0.000       ms
[110.071s][info][gc,stats    ]    Subphase: Concurrent Roots ClassLoaderDataGraph         0.000 / 0.000         0.000 / 0.000         0.000 / 0.000         0.000 / 0.000       ms
[110.071s][info][gc,stats    ]    Subphase: Concurrent Roots CodeCache                    0.000 / 0.000         0.000 / 0.000         0.000 / 0.000         0.000 / 0.000       ms
[110.071s][info][gc,stats    ]    Subphase: Concurrent Roots JavaThreads                  0.000 / 0.000         0.000 / 0.000         0.000 / 0.000         0.000 / 0.000       ms
[110.071s][info][gc,stats    ]    Subphase: Concurrent Roots OopStorageSet                0.000 / 0.000         0.000 / 0.000         0.000 / 0.000         0.000 / 0.000       ms
[110.072s][info][gc,stats    ]    Subphase: Concurrent Weak Roots OopStorageSet           0.000 / 0.000         0.000 / 0.000         0.000 / 0.000         0.000 / 0.000       ms
[110.072s][info][gc,stats    ]    Subphase: Pause Mark Try Complete                       0.000 / 0.000         0.000 / 0.000         0.000 / 0.000         0.000 / 0.000       ms
[110.072s][info][gc,stats    ]      System: Java Threads                                      0 / 0                 0 / 0                 0 / 0                 0 / 0           threads
[110.072s][info][gc,stats    ] =========================================================================================================================================================
[120.076s][info][gc,stats    ] === Garbage Collection Statistics =======================================================================================================================
[120.076s][info][gc,stats    ]                                                              Last 10s              Last 10m              Last 10h                Total
[120.076s][info][gc,stats    ]                                                              Avg / Max             Avg / Max             Avg / Max             Avg / Max
[120.076s][info][gc,stats    ]   Collector: Garbage Collection Cycle                      0.000 / 0.000         0.000 / 0.000         0.000 / 0.000         0.000 / 0.000       ms
[120.076s][info][gc,stats    ]  Contention: Mark Segment Reset Contention                     0 / 0                 0 / 0                 0 / 0                 0 / 0           ops/s
[120.076s][info][gc,stats    ]  Contention: Mark SeqNum Reset Contention                      0 / 0                 0 / 0                 0 / 0                 0 / 0           ops/s
[120.076s][info][gc,stats    ]    Critical: Allocation Stall                                  0 / 0                 0 / 0                 0 / 0                 0 / 0           ops/s
[120.076s][info][gc,stats    ]    Critical: Allocation Stall                              0.000 / 0.000         0.000 / 0.000         0.000 / 0.000         0.000 / 0.000       ms
[120.076s][info][gc,stats    ]    Critical: GC Locker Stall                                   0 / 0                 0 / 0                 0 / 0                 0 / 0           ops/s
[120.077s][info][gc,stats    ]    Critical: GC Locker Stall                               0.000 / 0.000         0.000 / 0.000         0.000 / 0.000         0.000 / 0.000       ms
[120.077s][info][gc,stats    ]    Critical: Relocation Stall                                  0 / 0                 0 / 0                 0 / 0                 0 / 0           ops/s
[120.077s][info][gc,stats    ]    Critical: Relocation Stall                              0.000 / 0.000         0.000 / 0.000         0.000 / 0.000         0.000 / 0.000       ms
[120.077s][info][gc,stats    ]      Memory: Allocation Rate                                   0 / 0                 4 / 264               4 / 264               4 / 264         MB/s
[120.077s][info][gc,stats    ]      Memory: Out Of Memory                                     0 / 0                 0 / 0                 0 / 0                 0 / 0           ops/s
[120.077s][info][gc,stats    ]      Memory: Page Cache Flush                                  0 / 0                 0 / 0                 0 / 0                 0 / 0           MB/s
[120.077s][info][gc,stats    ]      Memory: Page Cache Hit L1                                 0 / 0                 0 / 1                 0 / 1                 0 / 1           ops/s
[120.077s][info][gc,stats    ]      Memory: Page Cache Hit L2                                 0 / 0                 0 / 0                 0 / 0                 0 / 0           ops/s
[120.077s][info][gc,stats    ]      Memory: Page Cache Hit L3                                 0 / 0                 0 / 79                0 / 79                0 / 79          ops/s
[120.077s][info][gc,stats    ]      Memory: Page Cache Miss                                   0 / 0                 0 / 30                0 / 30                0 / 30          ops/s
[120.077s][info][gc,stats    ]      Memory: Uncommit                                          0 / 0                 0 / 0                 0 / 0                 0 / 0           MB/s
[120.077s][info][gc,stats    ]      Memory: Undo Object Allocation Failed                     0 / 0                 0 / 0                 0 / 0                 0 / 0           ops/s
[120.077s][info][gc,stats    ]      Memory: Undo Object Allocation Succeeded                  0 / 0                 0 / 0                 0 / 0                 0 / 0           ops/s
[120.077s][info][gc,stats    ]      Memory: Undo Page Allocation                              0 / 0                 0 / 0                 0 / 0                 0 / 0           ops/s
[120.077s][info][gc,stats    ]       Phase: Concurrent Mark                               0.000 / 0.000         0.000 / 0.000         0.000 / 0.000         0.000 / 0.000       ms
[120.077s][info][gc,stats    ]       Phase: Concurrent Mark Continue                      0.000 / 0.000         0.000 / 0.000         0.000 / 0.000         0.000 / 0.000       ms
[120.077s][info][gc,stats    ]       Phase: Concurrent Process Non-Strong References      0.000 / 0.000         0.000 / 0.000         0.000 / 0.000         0.000 / 0.000       ms
[120.077s][info][gc,stats    ]       Phase: Concurrent Relocate                           0.000 / 0.000         0.000 / 0.000         0.000 / 0.000         0.000 / 0.000       ms
[120.077s][info][gc,stats    ]       Phase: Concurrent Reset Relocation Set               0.000 / 0.000         0.000 / 0.000         0.000 / 0.000         0.000 / 0.000       ms
[120.077s][info][gc,stats    ]       Phase: Concurrent Select Relocation Set              0.000 / 0.000         0.000 / 0.000         0.000 / 0.000         0.000 / 0.000       ms
[120.077s][info][gc,stats    ]       Phase: Pause Mark End                                0.000 / 0.000         0.000 / 0.000         0.000 / 0.000         0.000 / 0.000       ms
[120.077s][info][gc,stats    ]       Phase: Pause Mark Start                              0.000 / 0.000         0.000 / 0.000         0.000 / 0.000         0.000 / 0.000       ms
[120.077s][info][gc,stats    ]       Phase: Pause Relocate Start                          0.000 / 0.000         0.000 / 0.000         0.000 / 0.000         0.000 / 0.000       ms
[120.077s][info][gc,stats    ]    Subphase: Concurrent Classes Purge                      0.000 / 0.000         0.000 / 0.000         0.000 / 0.000         0.000 / 0.000       ms
[120.077s][info][gc,stats    ]    Subphase: Concurrent Classes Unlink                     0.000 / 0.000         0.000 / 0.000         0.000 / 0.000         0.000 / 0.000       ms
[120.077s][info][gc,stats    ]    Subphase: Concurrent Mark                               0.000 / 0.000         0.000 / 0.000         0.000 / 0.000         0.000 / 0.000       ms
[120.077s][info][gc,stats    ]    Subphase: Concurrent Mark Idle                          0.000 / 0.000         0.000 / 0.000         0.000 / 0.000         0.000 / 0.000       ms
[120.077s][info][gc,stats    ]    Subphase: Concurrent Mark Try Flush                     0.000 / 0.000         0.000 / 0.000         0.000 / 0.000         0.000 / 0.000       ms
[120.077s][info][gc,stats    ]    Subphase: Concurrent Mark Try Terminate                 0.000 / 0.000         0.000 / 0.000         0.000 / 0.000         0.000 / 0.000       ms
[120.077s][info][gc,stats    ]    Subphase: Concurrent References Enqueue                 0.000 / 0.000         0.000 / 0.000         0.000 / 0.000         0.000 / 0.000       ms
[120.077s][info][gc,stats    ]    Subphase: Concurrent References Process                 0.000 / 0.000         0.000 / 0.000         0.000 / 0.000         0.000 / 0.000       ms
[120.077s][info][gc,stats    ]    Subphase: Concurrent Roots ClassLoaderDataGraph         0.000 / 0.000         0.000 / 0.000         0.000 / 0.000         0.000 / 0.000       ms
[120.077s][info][gc,stats    ]    Subphase: Concurrent Roots CodeCache                    0.000 / 0.000         0.000 / 0.000         0.000 / 0.000         0.000 / 0.000       ms
[120.077s][info][gc,stats    ]    Subphase: Concurrent Roots JavaThreads                  0.000 / 0.000         0.000 / 0.000         0.000 / 0.000         0.000 / 0.000       ms
[120.077s][info][gc,stats    ]    Subphase: Concurrent Roots OopStorageSet                0.000 / 0.000         0.000 / 0.000         0.000 / 0.000         0.000 / 0.000       ms
[120.077s][info][gc,stats    ]    Subphase: Concurrent Weak Roots OopStorageSet           0.000 / 0.000         0.000 / 0.000         0.000 / 0.000         0.000 / 0.000       ms
[120.077s][info][gc,stats    ]    Subphase: Pause Mark Try Complete                       0.000 / 0.000         0.000 / 0.000         0.000 / 0.000         0.000 / 0.000       ms
[120.077s][info][gc,stats    ]      System: Java Threads                                      0 / 0                 0 / 0                 0 / 0                 0 / 0           threads
[120.077s][info][gc,stats    ] =========================================================================================================================================================
[130.065s][info][gc,stats    ] === Garbage Collection Statistics =======================================================================================================================
[130.065s][info][gc,stats    ]                                                              Last 10s              Last 10m              Last 10h                Total
[130.065s][info][gc,stats    ]                                                              Avg / Max             Avg / Max             Avg / Max             Avg / Max
[130.065s][info][gc,stats    ]   Collector: Garbage Collection Cycle                      0.000 / 0.000         0.000 / 0.000         0.000 / 0.000         0.000 / 0.000       ms
[130.065s][info][gc,stats    ]  Contention: Mark Segment Reset Contention                     0 / 0                 0 / 0                 0 / 0                 0 / 0           ops/s
[130.065s][info][gc,stats    ]  Contention: Mark SeqNum Reset Contention                      0 / 0                 0 / 0                 0 / 0                 0 / 0           ops/s
[130.065s][info][gc,stats    ]    Critical: Allocation Stall                                  0 / 0                 0 / 0                 0 / 0                 0 / 0           ops/s
[130.065s][info][gc,stats    ]    Critical: Allocation Stall                              0.000 / 0.000         0.000 / 0.000         0.000 / 0.000         0.000 / 0.000       ms
[130.065s][info][gc,stats    ]    Critical: GC Locker Stall                                   0 / 0                 0 / 0                 0 / 0                 0 / 0           ops/s
[130.065s][info][gc,stats    ]    Critical: GC Locker Stall                               0.000 / 0.000         0.000 / 0.000         0.000 / 0.000         0.000 / 0.000       ms
[130.065s][info][gc,stats    ]    Critical: Relocation Stall                                  0 / 0                 0 / 0                 0 / 0                 0 / 0           ops/s
[130.065s][info][gc,stats    ]    Critical: Relocation Stall                              0.000 / 0.000         0.000 / 0.000         0.000 / 0.000         0.000 / 0.000       ms
[130.065s][info][gc,stats    ]      Memory: Allocation Rate                                   0 / 0                 4 / 264               4 / 264               4 / 264         MB/s
[130.065s][info][gc,stats    ]      Memory: Out Of Memory                                     0 / 0                 0 / 0                 0 / 0                 0 / 0           ops/s
[130.065s][info][gc,stats    ]      Memory: Page Cache Flush                                  0 / 0                 0 / 0                 0 / 0                 0 / 0           MB/s
[130.065s][info][gc,stats    ]      Memory: Page Cache Hit L1                                 0 / 0                 0 / 1                 0 / 1                 0 / 1           ops/s
[130.065s][info][gc,stats    ]      Memory: Page Cache Hit L2                                 0 / 0                 0 / 0                 0 / 0                 0 / 0           ops/s
[130.065s][info][gc,stats    ]      Memory: Page Cache Hit L3                                 0 / 0                 0 / 79                0 / 79                0 / 79          ops/s
[130.065s][info][gc,stats    ]      Memory: Page Cache Miss                                   0 / 0                 0 / 30                0 / 30                0 / 30          ops/s
[130.065s][info][gc,stats    ]      Memory: Uncommit                                          0 / 0                 0 / 0                 0 / 0                 0 / 0           MB/s
[130.065s][info][gc,stats    ]      Memory: Undo Object Allocation Failed                     0 / 0                 0 / 0                 0 / 0                 0 / 0           ops/s
[130.065s][info][gc,stats    ]      Memory: Undo Object Allocation Succeeded                  0 / 0                 0 / 0                 0 / 0                 0 / 0           ops/s
[130.065s][info][gc,stats    ]      Memory: Undo Page Allocation                              0 / 0                 0 / 0                 0 / 0                 0 / 0           ops/s
[130.065s][info][gc,stats    ]       Phase: Concurrent Mark                               0.000 / 0.000         0.000 / 0.000         0.000 / 0.000         0.000 / 0.000       ms
[130.065s][info][gc,stats    ]       Phase: Concurrent Mark Continue                      0.000 / 0.000         0.000 / 0.000         0.000 / 0.000         0.000 / 0.000       ms
[130.065s][info][gc,stats    ]       Phase: Concurrent Process Non-Strong References      0.000 / 0.000         0.000 / 0.000         0.000 / 0.000         0.000 / 0.000       ms
[130.065s][info][gc,stats    ]       Phase: Concurrent Relocate                           0.000 / 0.000         0.000 / 0.000         0.000 / 0.000         0.000 / 0.000       ms
[130.065s][info][gc,stats    ]       Phase: Concurrent Reset Relocation Set               0.000 / 0.000         0.000 / 0.000         0.000 / 0.000         0.000 / 0.000       ms
[130.065s][info][gc,stats    ]       Phase: Concurrent Select Relocation Set              0.000 / 0.000         0.000 / 0.000         0.000 / 0.000         0.000 / 0.000       ms
[130.065s][info][gc,stats    ]       Phase: Pause Mark End                                0.000 / 0.000         0.000 / 0.000         0.000 / 0.000         0.000 / 0.000       ms
[130.065s][info][gc,stats    ]       Phase: Pause Mark Start                              0.000 / 0.000         0.000 / 0.000         0.000 / 0.000         0.000 / 0.000       ms
[130.065s][info][gc,stats    ]       Phase: Pause Relocate Start                          0.000 / 0.000         0.000 / 0.000         0.000 / 0.000         0.000 / 0.000       ms
[130.065s][info][gc,stats    ]    Subphase: Concurrent Classes Purge                      0.000 / 0.000         0.000 / 0.000         0.000 / 0.000         0.000 / 0.000       ms
[130.065s][info][gc,stats    ]    Subphase: Concurrent Classes Unlink                     0.000 / 0.000         0.000 / 0.000         0.000 / 0.000         0.000 / 0.000       ms
[130.065s][info][gc,stats    ]    Subphase: Concurrent Mark                               0.000 / 0.000         0.000 / 0.000         0.000 / 0.000         0.000 / 0.000       ms
[130.065s][info][gc,stats    ]    Subphase: Concurrent Mark Idle                          0.000 / 0.000         0.000 / 0.000         0.000 / 0.000         0.000 / 0.000       ms
[130.065s][info][gc,stats    ]    Subphase: Concurrent Mark Try Flush                     0.000 / 0.000         0.000 / 0.000         0.000 / 0.000         0.000 / 0.000       ms
[130.065s][info][gc,stats    ]    Subphase: Concurrent Mark Try Terminate                 0.000 / 0.000         0.000 / 0.000         0.000 / 0.000         0.000 / 0.000       ms
[130.065s][info][gc,stats    ]    Subphase: Concurrent References Enqueue                 0.000 / 0.000         0.000 / 0.000         0.000 / 0.000         0.000 / 0.000       ms
[130.065s][info][gc,stats    ]    Subphase: Concurrent References Process                 0.000 / 0.000         0.000 / 0.000         0.000 / 0.000         0.000 / 0.000       ms
[130.065s][info][gc,stats    ]    Subphase: Concurrent Roots ClassLoaderDataGraph         0.000 / 0.000         0.000 / 0.000         0.000 / 0.000         0.000 / 0.000       ms
[130.065s][info][gc,stats    ]    Subphase: Concurrent Roots CodeCache                    0.000 / 0.000         0.000 / 0.000         0.000 / 0.000         0.000 / 0.000       ms
[130.065s][info][gc,stats    ]    Subphase: Concurrent Roots JavaThreads                  0.000 / 0.000         0.000 / 0.000         0.000 / 0.000         0.000 / 0.000       ms
[130.065s][info][gc,stats    ]    Subphase: Concurrent Roots OopStorageSet                0.000 / 0.000         0.000 / 0.000         0.000 / 0.000         0.000 / 0.000       ms
[130.065s][info][gc,stats    ]    Subphase: Concurrent Weak Roots OopStorageSet           0.000 / 0.000         0.000 / 0.000         0.000 / 0.000         0.000 / 0.000       ms
[130.065s][info][gc,stats    ]    Subphase: Pause Mark Try Complete                       0.000 / 0.000         0.000 / 0.000         0.000 / 0.000         0.000 / 0.000       ms
[130.065s][info][gc,stats    ]      System: Java Threads                                      0 / 0                 0 / 0                 0 / 0                 0 / 0           threads
[130.065s][info][gc,stats    ] =========================================================================================================================================================
[140.064s][info][gc,stats    ] === Garbage Collection Statistics =======================================================================================================================
[140.064s][info][gc,stats    ]                                                              Last 10s              Last 10m              Last 10h                Total
[140.064s][info][gc,stats    ]                                                              Avg / Max             Avg / Max             Avg / Max             Avg / Max
[140.064s][info][gc,stats    ]   Collector: Garbage Collection Cycle                      0.000 / 0.000         0.000 / 0.000         0.000 / 0.000         0.000 / 0.000       ms
[140.064s][info][gc,stats    ]  Contention: Mark Segment Reset Contention                     0 / 0                 0 / 0                 0 / 0                 0 / 0           ops/s
[140.064s][info][gc,stats    ]  Contention: Mark SeqNum Reset Contention                      0 / 0                 0 / 0                 0 / 0                 0 / 0           ops/s
[140.064s][info][gc,stats    ]    Critical: Allocation Stall                                  0 / 0                 0 / 0                 0 / 0                 0 / 0           ops/s
[140.064s][info][gc,stats    ]    Critical: Allocation Stall                              0.000 / 0.000         0.000 / 0.000         0.000 / 0.000         0.000 / 0.000       ms
[140.064s][info][gc,stats    ]    Critical: GC Locker Stall                                   0 / 0                 0 / 0                 0 / 0                 0 / 0           ops/s
[140.064s][info][gc,stats    ]    Critical: GC Locker Stall                               0.000 / 0.000         0.000 / 0.000         0.000 / 0.000         0.000 / 0.000       ms
[140.064s][info][gc,stats    ]    Critical: Relocation Stall                                  0 / 0                 0 / 0                 0 / 0                 0 / 0           ops/s
[140.064s][info][gc,stats    ]    Critical: Relocation Stall                              0.000 / 0.000         0.000 / 0.000         0.000 / 0.000         0.000 / 0.000       ms
[140.064s][info][gc,stats    ]      Memory: Allocation Rate                                   0 / 2                 4 / 264               4 / 264               4 / 264         MB/s
[140.064s][info][gc,stats    ]      Memory: Out Of Memory                                     0 / 0                 0 / 0                 0 / 0                 0 / 0           ops/s
[140.064s][info][gc,stats    ]      Memory: Page Cache Flush                                  0 / 0                 0 / 0                 0 / 0                 0 / 0           MB/s
[140.064s][info][gc,stats    ]      Memory: Page Cache Hit L1                                 0 / 0                 0 / 1                 0 / 1                 0 / 1           ops/s
[140.064s][info][gc,stats    ]      Memory: Page Cache Hit L2                                 0 / 0                 0 / 0                 0 / 0                 0 / 0           ops/s
[140.064s][info][gc,stats    ]      Memory: Page Cache Hit L3                                 0 / 0                 0 / 79                0 / 79                0 / 79          ops/s
[140.064s][info][gc,stats    ]      Memory: Page Cache Miss                                   0 / 1                 0 / 30                0 / 30                0 / 30          ops/s
[140.064s][info][gc,stats    ]      Memory: Uncommit                                          0 / 0                 0 / 0                 0 / 0                 0 / 0           MB/s
[140.064s][info][gc,stats    ]      Memory: Undo Object Allocation Failed                     0 / 0                 0 / 0                 0 / 0                 0 / 0           ops/s
[140.064s][info][gc,stats    ]      Memory: Undo Object Allocation Succeeded                  0 / 0                 0 / 0                 0 / 0                 0 / 0           ops/s
[140.064s][info][gc,stats    ]      Memory: Undo Page Allocation                              0 / 0                 0 / 0                 0 / 0                 0 / 0           ops/s
[140.064s][info][gc,stats    ]       Phase: Concurrent Mark                               0.000 / 0.000         0.000 / 0.000         0.000 / 0.000         0.000 / 0.000       ms
[140.064s][info][gc,stats    ]       Phase: Concurrent Mark Continue                      0.000 / 0.000         0.000 / 0.000         0.000 / 0.000         0.000 / 0.000       ms
[140.064s][info][gc,stats    ]       Phase: Concurrent Process Non-Strong References      0.000 / 0.000         0.000 / 0.000         0.000 / 0.000         0.000 / 0.000       ms
[140.064s][info][gc,stats    ]       Phase: Concurrent Relocate                           0.000 / 0.000         0.000 / 0.000         0.000 / 0.000         0.000 / 0.000       ms
[140.064s][info][gc,stats    ]       Phase: Concurrent Reset Relocation Set               0.000 / 0.000         0.000 / 0.000         0.000 / 0.000         0.000 / 0.000       ms
[140.064s][info][gc,stats    ]       Phase: Concurrent Select Relocation Set              0.000 / 0.000         0.000 / 0.000         0.000 / 0.000         0.000 / 0.000       ms
[140.064s][info][gc,stats    ]       Phase: Pause Mark End                                0.000 / 0.000         0.000 / 0.000         0.000 / 0.000         0.000 / 0.000       ms
[140.064s][info][gc,stats    ]       Phase: Pause Mark Start                              0.000 / 0.000         0.000 / 0.000         0.000 / 0.000         0.000 / 0.000       ms
[140.064s][info][gc,stats    ]       Phase: Pause Relocate Start                          0.000 / 0.000         0.000 / 0.000         0.000 / 0.000         0.000 / 0.000       ms
[140.064s][info][gc,stats    ]    Subphase: Concurrent Classes Purge                      0.000 / 0.000         0.000 / 0.000         0.000 / 0.000         0.000 / 0.000       ms
[140.064s][info][gc,stats    ]    Subphase: Concurrent Classes Unlink                     0.000 / 0.000         0.000 / 0.000         0.000 / 0.000         0.000 / 0.000       ms
[140.064s][info][gc,stats    ]    Subphase: Concurrent Mark                               0.000 / 0.000         0.000 / 0.000         0.000 / 0.000         0.000 / 0.000       ms
[140.064s][info][gc,stats    ]    Subphase: Concurrent Mark Idle                          0.000 / 0.000         0.000 / 0.000         0.000 / 0.000         0.000 / 0.000       ms
[140.064s][info][gc,stats    ]    Subphase: Concurrent Mark Try Flush                     0.000 / 0.000         0.000 / 0.000         0.000 / 0.000         0.000 / 0.000       ms
[140.064s][info][gc,stats    ]    Subphase: Concurrent Mark Try Terminate                 0.000 / 0.000         0.000 / 0.000         0.000 / 0.000         0.000 / 0.000       ms
[140.064s][info][gc,stats    ]    Subphase: Concurrent References Enqueue                 0.000 / 0.000         0.000 / 0.000         0.000 / 0.000         0.000 / 0.000       ms
[140.064s][info][gc,stats    ]    Subphase: Concurrent References Process                 0.000 / 0.000         0.000 / 0.000         0.000 / 0.000         0.000 / 0.000       ms
[140.064s][info][gc,stats    ]    Subphase: Concurrent Roots ClassLoaderDataGraph         0.000 / 0.000         0.000 / 0.000         0.000 / 0.000         0.000 / 0.000       ms
[140.064s][info][gc,stats    ]    Subphase: Concurrent Roots CodeCache                    0.000 / 0.000         0.000 / 0.000         0.000 / 0.000         0.000 / 0.000       ms
[140.064s][info][gc,stats    ]    Subphase: Concurrent Roots JavaThreads                  0.000 / 0.000         0.000 / 0.000         0.000 / 0.000         0.000 / 0.000       ms
[140.064s][info][gc,stats    ]    Subphase: Concurrent Roots OopStorageSet                0.000 / 0.000         0.000 / 0.000         0.000 / 0.000         0.000 / 0.000       ms
[140.064s][info][gc,stats    ]    Subphase: Concurrent Weak Roots OopStorageSet           0.000 / 0.000         0.000 / 0.000         0.000 / 0.000         0.000 / 0.000       ms
[140.064s][info][gc,stats    ]    Subphase: Pause Mark Try Complete                       0.000 / 0.000         0.000 / 0.000         0.000 / 0.000         0.000 / 0.000       ms
[140.064s][info][gc,stats    ]      System: Java Threads                                      0 / 0                 0 / 0                 0 / 0                 0 / 0           threads
[140.064s][info][gc,stats    ] =========================================================================================================================================================
[149.063s][info][gc,heap,exit] Heap
[149.063s][info][gc,heap,exit]  ZHeap           used 332M, capacity 332M, max capacity 4082M
[149.063s][info][gc,heap,exit]  Metaspace       used 6901K, committed 7168K, reserved 1056768K
[149.063s][info][gc,heap,exit]   class space    used 727K, committed 832K, reserved 1048576K
